Archive member included to satisfy reference by file (symbol)

c:/st/stm32cubeide_1.6.0/stm32cubeide/plugins/com.st.stm32cube.ide.mcu.externaltools.gnu-tools-for-stm32.9-2020-q2-update.win32_1.5.0.202011040924/tools/bin/../lib/gcc/arm-none-eabi/9.3.1/../../../../arm-none-eabi/lib/thumb/v7e-m+fp/hard\libc_nano.a(lib_a-errno.o)
                              Core/Src/syscalls.o (__errno)
c:/st/stm32cubeide_1.6.0/stm32cubeide/plugins/com.st.stm32cube.ide.mcu.externaltools.gnu-tools-for-stm32.9-2020-q2-update.win32_1.5.0.202011040924/tools/bin/../lib/gcc/arm-none-eabi/9.3.1/../../../../arm-none-eabi/lib/thumb/v7e-m+fp/hard\libc_nano.a(lib_a-exit.o)
                              c:/st/stm32cubeide_1.6.0/stm32cubeide/plugins/com.st.stm32cube.ide.mcu.externaltools.gnu-tools-for-stm32.9-2020-q2-update.win32_1.5.0.202011040924/tools/bin/../lib/gcc/arm-none-eabi/9.3.1/../../../../arm-none-eabi/lib/thumb/v7e-m+fp/hard/crt0.o (exit)
c:/st/stm32cubeide_1.6.0/stm32cubeide/plugins/com.st.stm32cube.ide.mcu.externaltools.gnu-tools-for-stm32.9-2020-q2-update.win32_1.5.0.202011040924/tools/bin/../lib/gcc/arm-none-eabi/9.3.1/../../../../arm-none-eabi/lib/thumb/v7e-m+fp/hard\libc_nano.a(lib_a-impure.o)
                              c:/st/stm32cubeide_1.6.0/stm32cubeide/plugins/com.st.stm32cube.ide.mcu.externaltools.gnu-tools-for-stm32.9-2020-q2-update.win32_1.5.0.202011040924/tools/bin/../lib/gcc/arm-none-eabi/9.3.1/../../../../arm-none-eabi/lib/thumb/v7e-m+fp/hard\libc_nano.a(lib_a-exit.o) (_global_impure_ptr)
c:/st/stm32cubeide_1.6.0/stm32cubeide/plugins/com.st.stm32cube.ide.mcu.externaltools.gnu-tools-for-stm32.9-2020-q2-update.win32_1.5.0.202011040924/tools/bin/../lib/gcc/arm-none-eabi/9.3.1/../../../../arm-none-eabi/lib/thumb/v7e-m+fp/hard\libc_nano.a(lib_a-init.o)
                              c:/st/stm32cubeide_1.6.0/stm32cubeide/plugins/com.st.stm32cube.ide.mcu.externaltools.gnu-tools-for-stm32.9-2020-q2-update.win32_1.5.0.202011040924/tools/bin/../lib/gcc/arm-none-eabi/9.3.1/../../../../arm-none-eabi/lib/thumb/v7e-m+fp/hard/crt0.o (__libc_init_array)
c:/st/stm32cubeide_1.6.0/stm32cubeide/plugins/com.st.stm32cube.ide.mcu.externaltools.gnu-tools-for-stm32.9-2020-q2-update.win32_1.5.0.202011040924/tools/bin/../lib/gcc/arm-none-eabi/9.3.1/../../../../arm-none-eabi/lib/thumb/v7e-m+fp/hard\libc_nano.a(lib_a-memcpy-stub.o)
                              Core/Src/MY_NRF24.o (memcpy)
c:/st/stm32cubeide_1.6.0/stm32cubeide/plugins/com.st.stm32cube.ide.mcu.externaltools.gnu-tools-for-stm32.9-2020-q2-update.win32_1.5.0.202011040924/tools/bin/../lib/gcc/arm-none-eabi/9.3.1/../../../../arm-none-eabi/lib/thumb/v7e-m+fp/hard\libc_nano.a(lib_a-memset.o)
                              c:/st/stm32cubeide_1.6.0/stm32cubeide/plugins/com.st.stm32cube.ide.mcu.externaltools.gnu-tools-for-stm32.9-2020-q2-update.win32_1.5.0.202011040924/tools/bin/../lib/gcc/arm-none-eabi/9.3.1/../../../../arm-none-eabi/lib/thumb/v7e-m+fp/hard/crt0.o (memset)
c:/st/stm32cubeide_1.6.0/stm32cubeide/plugins/com.st.stm32cube.ide.mcu.externaltools.gnu-tools-for-stm32.9-2020-q2-update.win32_1.5.0.202011040924/tools/bin/../lib/gcc/arm-none-eabi/9.3.1/../../../../arm-none-eabi/lib/thumb/v7e-m+fp/hard\libc_nano.a(lib_a-sprintf.o)
                              Core/Src/MY_NRF24.o (sprintf)
c:/st/stm32cubeide_1.6.0/stm32cubeide/plugins/com.st.stm32cube.ide.mcu.externaltools.gnu-tools-for-stm32.9-2020-q2-update.win32_1.5.0.202011040924/tools/bin/../lib/gcc/arm-none-eabi/9.3.1/../../../../arm-none-eabi/lib/thumb/v7e-m+fp/hard\libc_nano.a(lib_a-strlen.o)
                              Core/Src/MY_NRF24.o (strlen)
c:/st/stm32cubeide_1.6.0/stm32cubeide/plugins/com.st.stm32cube.ide.mcu.externaltools.gnu-tools-for-stm32.9-2020-q2-update.win32_1.5.0.202011040924/tools/bin/../lib/gcc/arm-none-eabi/9.3.1/../../../../arm-none-eabi/lib/thumb/v7e-m+fp/hard\libc_nano.a(lib_a-nano-svfprintf.o)
                              c:/st/stm32cubeide_1.6.0/stm32cubeide/plugins/com.st.stm32cube.ide.mcu.externaltools.gnu-tools-for-stm32.9-2020-q2-update.win32_1.5.0.202011040924/tools/bin/../lib/gcc/arm-none-eabi/9.3.1/../../../../arm-none-eabi/lib/thumb/v7e-m+fp/hard\libc_nano.a(lib_a-sprintf.o) (_svfprintf_r)
c:/st/stm32cubeide_1.6.0/stm32cubeide/plugins/com.st.stm32cube.ide.mcu.externaltools.gnu-tools-for-stm32.9-2020-q2-update.win32_1.5.0.202011040924/tools/bin/../lib/gcc/arm-none-eabi/9.3.1/../../../../arm-none-eabi/lib/thumb/v7e-m+fp/hard\libc_nano.a(lib_a-nano-vfprintf_i.o)
                              c:/st/stm32cubeide_1.6.0/stm32cubeide/plugins/com.st.stm32cube.ide.mcu.externaltools.gnu-tools-for-stm32.9-2020-q2-update.win32_1.5.0.202011040924/tools/bin/../lib/gcc/arm-none-eabi/9.3.1/../../../../arm-none-eabi/lib/thumb/v7e-m+fp/hard\libc_nano.a(lib_a-nano-svfprintf.o) (_printf_i)
[...]
Memory Configuration

Name             Origin             Length             Attributes
CCMRAM           0x0000000010000000 0x0000000000010000 xrw
RAM              0x0000000020000000 0x0000000000020000 xrw
FLASH            0x0000000008000000 0x0000000000100000 xr
*default*        0x0000000000000000 0xffffffffffffffff

Linker script and memory map

LOAD c:/st/stm32cubeide_1.6.0/stm32cubeide/plugins/com.st.stm32cube.ide.mcu.externaltools.gnu-tools-for-stm32.9-2020-q2-update.win32_1.5.0.202011040924/tools/bin/../lib/gcc/arm-none-eabi/9.3.1/thumb/v7e-m+fp/hard/crti.o
LOAD c:/st/stm32cubeide_1.6.0/stm32cubeide/plugins/com.st.stm32cube.ide.mcu.externaltools.gnu-tools-for-stm32.9-2020-q2-update.win32_1.5.0.202011040924/tools/bin/../lib/gcc/arm-none-eabi/9.3.1/thumb/v7e-m+fp/hard/crtbegin.o
LOAD c:/st/stm32cubeide_1.6.0/stm32cubeide/plugins/com.st.stm32cube.ide.mcu.externaltools.gnu-tools-for-stm32.9-2020-q2-update.win32_1.5.0.202011040924/tools/bin/../lib/gcc/arm-none-eabi/9.3.1/../../../../arm-none-eabi/lib/thumb/v7e-m+fp/hard/crt0.o
LOAD Core/Src/MY_NRF24.o
LOAD Core/Src/main.o
LOAD Core/Src/stm32f4xx_hal_msp.o
LOAD Core/Src/stm32f4xx_it.o
LOAD Core/Src/syscalls.o
LOAD Core/Src/sysmem.o
LOAD Core/Src/system_stm32f4xx.o
LOAD Core/Startup/startup_stm32f407vgtx.o
LOAD Drivers/STM32F4xx_HAL_Driver/Src/stm32f4xx_hal.o
LOAD Drivers/STM32F4xx_HAL_Driver/Src/stm32f4xx_hal_cortex.o
LOAD Drivers/STM32F4xx_HAL_Driver/Src/stm32f4xx_hal_dma.o
LOAD Drivers/STM32F4xx_HAL_Driver/Src/stm32f4xx_hal_dma_ex.o
LOAD Drivers/STM32F4xx_HAL_Driver/Src/stm32f4xx_hal_exti.o
LOAD Drivers/STM32F4xx_HAL_Driver/Src/stm32f4xx_hal_flash.o
LOAD Drivers/STM32F4xx_HAL_Driver/Src/stm32f4xx_hal_flash_ex.o
LOAD Drivers/STM32F4xx_HAL_Driver/Src/stm32f4xx_hal_flash_ramfunc.o
LOAD Drivers/STM32F4xx_HAL_Driver/Src/stm32f4xx_hal_gpio.o
LOAD Drivers/STM32F4xx_HAL_Driver/Src/stm32f4xx_hal_pwr.o
LOAD Drivers/STM32F4xx_HAL_Driver/Src/stm32f4xx_hal_pwr_ex.o
LOAD Drivers/STM32F4xx_HAL_Driver/Src/stm32f4xx_hal_rcc.o
LOAD Drivers/STM32F4xx_HAL_Driver/Src/stm32f4xx_hal_rcc_ex.o
LOAD Drivers/STM32F4xx_HAL_Driver/Src/stm32f4xx_hal_spi.o
LOAD Drivers/STM32F4xx_HAL_Driver/Src/stm32f4xx_hal_tim.o
LOAD Drivers/STM32F4xx_HAL_Driver/Src/stm32f4xx_hal_tim_ex.o
LOAD Drivers/STM32F4xx_HAL_Driver/Src/stm32f4xx_hal_uart.o
START GROUP
LOAD c:/st/stm32cubeide_1.6.0/stm32cubeide/plugins/com.st.stm32cube.ide.mcu.externaltools.gnu-tools-for-stm32.9-2020-q2-update.win32_1.5.0.202011040924/tools/bin/../lib/gcc/arm-none-eabi/9.3.1/../../../../arm-none-eabi/lib/thumb/v7e-m+fp/hard\libc_nano.a
LOAD c:/st/stm32cubeide_1.6.0/stm32cubeide/plugins/com.st.stm32cube.ide.mcu.externaltools.gnu-tools-for-stm32.9-2020-q2-update.win32_1.5.0.202011040924/tools/bin/../lib/gcc/arm-none-eabi/9.3.1/../../../../arm-none-eabi/lib/thumb/v7e-m+fp/hard\libm.a
END GROUP
START GROUP
LOAD c:/st/stm32cubeide_1.6.0/stm32cubeide/plugins/com.st.stm32cube.ide.mcu.externaltools.gnu-tools-for-stm32.9-2020-q2-update.win32_1.5.0.202011040924/tools/bin/../lib/gcc/arm-none-eabi/9.3.1/thumb/v7e-m+fp/hard\libgcc.a
LOAD c:/st/stm32cubeide_1.6.0/stm32cubeide/plugins/com.st.stm32cube.ide.mcu.externaltools.gnu-tools-for-stm32.9-2020-q2-update.win32_1.5.0.202011040924/tools/bin/../lib/gcc/arm-none-eabi/9.3.1/../../../../arm-none-eabi/lib/thumb/v7e-m+fp/hard\libc_nano.a
END GROUP
START GROUP
LOAD c:/st/stm32cubeide_1.6.0/stm32cubeide/plugins/com.st.stm32cube.ide.mcu.externaltools.gnu-tools-for-stm32.9-2020-q2-update.win32_1.5.0.202011040924/tools/bin/../lib/gcc/arm-none-eabi/9.3.1/thumb/v7e-m+fp/hard\libgcc.a
LOAD c:/st/stm32cubeide_1.6.0/stm32cubeide/plugins/com.st.stm32cube.ide.mcu.externaltools.gnu-tools-for-stm32.9-2020-q2-update.win32_1.5.0.202011040924/tools/bin/../lib/gcc/arm-none-eabi/9.3.1/../../../../arm-none-eabi/lib/thumb/v7e-m+fp/hard\libc_nano.a
LOAD c:/st/stm32cubeide_1.6.0/stm32cubeide/plugins/com.st.stm32cube.ide.mcu.externaltools.gnu-tools-for-stm32.9-2020-q2-update.win32_1.5.0.202011040924/tools/bin/../lib/gcc/arm-none-eabi/9.3.1/../../../../arm-none-eabi/lib/thumb/v7e-m+fp/hard\libnosys.a
END GROUP
START GROUP
LOAD c:/st/stm32cubeide_1.6.0/stm32cubeide/plugins/com.st.stm32cube.ide.mcu.externaltools.gnu-tools-for-stm32.9-2020-q2-update.win32_1.5.0.202011040924/tools/bin/../lib/gcc/arm-none-eabi/9.3.1/thumb/v7e-m+fp/hard\libgcc.a
LOAD c:/st/stm32cubeide_1.6.0/stm32cubeide/plugins/com.st.stm32cube.ide.mcu.externaltools.gnu-tools-for-stm32.9-2020-q2-update.win32_1.5.0.202011040924/tools/bin/../lib/gcc/arm-none-eabi/9.3.1/../../../../arm-none-eabi/lib/thumb/v7e-m+fp/hard\libc_nano.a
LOAD c:/st/stm32cubeide_1.6.0/stm32cubeide/plugins/com.st.stm32cube.ide.mcu.externaltools.gnu-tools-for-stm32.9-2020-q2-update.win32_1.5.0.202011040924/tools/bin/../lib/gcc/arm-none-eabi/9.3.1/../../../../arm-none-eabi/lib/thumb/v7e-m+fp/hard\libnosys.a
END GROUP
LOAD c:/st/stm32cubeide_1.6.0/stm32cubeide/plugins/com.st.stm32cube.ide.mcu.externaltools.gnu-tools-for-stm32.9-2020-q2-update.win32_1.5.0.202011040924/tools/bin/../lib/gcc/arm-none-eabi/9.3.1/thumb/v7e-m+fp/hard/crtend.o
LOAD c:/st/stm32cubeide_1.6.0/stm32cubeide/plugins/com.st.stm32cube.ide.mcu.externaltools.gnu-tools-for-stm32.9-2020-q2-update.win32_1.5.0.202011040924/tools/bin/../lib/gcc/arm-none-eabi/9.3.1/thumb/v7e-m+fp/hard/crtn.o
                0x0000000020020000                _estack = (ORIGIN (RAM) + LENGTH (RAM))
                0x0000000000000200                _Min_Heap_Size = 0x200
                0x0000000000000400                _Min_Stack_Size = 0x400

.isr_vector     0x0000000008000000      0x188
                0x0000000008000000                . = ALIGN (0x4)
 *(.isr_vector)
 .isr_vector    0x0000000008000000      0x188 Core/Startup/startup_stm32f407vgtx.o
                0x0000000008000000                g_pfnVectors
                0x0000000008000188                . = ALIGN (0x4)

.text           0x0000000008000190     0x44bc
                0x0000000008000190                . = ALIGN (0x4)
 *(.text)
 .text          0x0000000008000190       0x40 c:/st/stm32cubeide_1.6.0/stm32cubeide/plugins/com.st.stm32cube.ide.mcu.externaltools.gnu-tools-for-stm32.9-2020-q2-update.win32_1.5.0.202011040924/tools/bin/../lib/gcc/arm-none-eabi/9.3.1/thumb/v7e-m+fp/hard/crtbegin.o
 .text          0x00000000080001d0       0x10 c:/st/stm32cubeide_1.6.0/stm32cubeide/plugins/com.st.stm32cube.ide.mcu.externaltools.gnu-tools-for-stm32.9-2020-q2-update.win32_1.5.0.202011040924/tools/bin/../lib/gcc/arm-none-eabi/9.3.1/../../../../arm-none-eabi/lib/thumb/v7e-m+fp/hard\libc_nano.a(lib_a-strlen.o)
                0x00000000080001d0                strlen
 .text          0x00000000080001e0       0xa0 c:/st/stm32cubeide_1.6.0/stm32cubeide/plugins/com.st.stm32cube.ide.mcu.externaltools.gnu-tools-for-stm32.9-2020-q2-update.win32_1.5.0.202011040924/tools/bin/../lib/gcc/arm-none-eabi/9.3.1/../../../../arm-none-eabi/lib/thumb/v7e-m+fp/hard\libc_nano.a(lib_a-memchr.o)
                0x00000000080001e0                memchr
 .text          0x0000000008000280       0x30 c:/st/stm32cubeide_1.6.0/stm32cubeide/plugins/com.st.stm32cube.ide.mcu.externaltools.gnu-tools-for-stm32.9-2020-q2-update.win32_1.5.0.202011040924/tools/bin/../lib/gcc/arm-none-eabi/9.3.1/thumb/v7e-m+fp/hard\libgcc.a(_aeabi_uldivmod.o)
                0x0000000008000280                __aeabi_uldivmod
 .text          0x00000000080002b0      0x2c4 c:/st/stm32cubeide_1.6.0/stm32cubeide/plugins/com.st.stm32cube.ide.mcu.externaltools.gnu-tools-for-stm32.9-2020-q2-update.win32_1.5.0.202011040924/tools/bin/../lib/gcc/arm-none-eabi/9.3.1/thumb/v7e-m+fp/hard\libgcc.a(_udivmoddi4.o)
                0x00000000080002b0                __udivmoddi4
 .text          0x0000000008000574        0x4 c:/st/stm32cubeide_1.6.0/stm32cubeide/plugins/com.st.stm32cube.ide.mcu.externaltools.gnu-tools-for-stm32.9-2020-q2-update.win32_1.5.0.202011040924/tools/bin/../lib/gcc/arm-none-eabi/9.3.1/thumb/v7e-m+fp/hard\libgcc.a(_dvmd_tls.o)
                0x0000000008000574                __aeabi_idiv0
                0x0000000008000574                __aeabi_ldiv0
 *(.text*)
 .text.NRF24_DelayMicroSeconds
                0x0000000008000578       0x44 Core/Src/MY_NRF24.o
                0x0000000008000578                NRF24_DelayMicroSeconds
 .text.NRF24_csn
                0x00000000080005bc       0x40 Core/Src/MY_NRF24.o
                0x00000000080005bc                NRF24_csn
 .text.NRF24_ce
                0x00000000080005fc       0x40 Core/Src/MY_NRF24.o
                0x00000000080005fc                NRF24_ce
 .text.NRF24_read_register
                0x000000000800063c       0x50 Core/Src/MY_NRF24.o
                0x000000000800063c                NRF24_read_register
 .text.NRF24_read_registerN
                0x000000000800068c       0x50 Core/Src/MY_NRF24.o
                0x000000000800068c                NRF24_read_registerN
 .text.NRF24_write_register
                0x00000000080006dc       0x44 Core/Src/MY_NRF24.o
                0x00000000080006dc                NRF24_write_register
 .text.NRF24_write_registerN
                0x0000000008000720       0x50 Core/Src/MY_NRF24.o
                0x0000000008000720                NRF24_write_registerN
 .text.NRF24_write_payload
                0x0000000008000770       0x44 Core/Src/MY_NRF24.o
                0x0000000008000770                NRF24_write_payload
 .text.NRF24_flush_tx
                0x00000000080007b4       0x10 Core/Src/MY_NRF24.o
                0x00000000080007b4                NRF24_flush_tx
 .text.NRF24_flush_rx
                0x00000000080007c4       0x10 Core/Src/MY_NRF24.o
                0x00000000080007c4                NRF24_flush_rx
 .text.NRF24_get_status
                0x00000000080007d4       0x1a Core/Src/MY_NRF24.o
                0x00000000080007d4                NRF24_get_status
 *fill*         0x00000000080007ee        0x2 
 .text.NRF24_begin
                0x00000000080007f0      0x1c0 Core/Src/MY_NRF24.o
                0x00000000080007f0                NRF24_begin
 .text.NRF24_stopListening
                0x00000000080009b0       0x16 Core/Src/MY_NRF24.o
                0x00000000080009b0                NRF24_stopListening
 *fill*         0x00000000080009c6        0x2 
 .text.NRF24_write
                0x00000000080009c8       0x98 Core/Src/MY_NRF24.o
                0x00000000080009c8                NRF24_write
 .text.NRF24_available
                0x0000000008000a60       0x10 Core/Src/MY_NRF24.o
                0x0000000008000a60                NRF24_available
 .text.NRF24_openWritingPipe
                0x0000000008000a70       0x48 Core/Src/MY_NRF24.o
                0x0000000008000a70                NRF24_openWritingPipe
 .text.NRF24_setRetries
                0x0000000008000ab8       0x36 Core/Src/MY_NRF24.o
                0x0000000008000ab8                NRF24_setRetries
 .text.NRF24_setChannel
                0x0000000008000aee       0x2a Core/Src/MY_NRF24.o
                0x0000000008000aee                NRF24_setChannel
 .text.NRF24_setPayloadSize
                0x0000000008000b18       0x30 Core/Src/MY_NRF24.o
                0x0000000008000b18                NRF24_setPayloadSize
 .text.NRF24_getDynamicPayloadSize
                0x0000000008000b48       0x10 Core/Src/MY_NRF24.o
                0x0000000008000b48                NRF24_getDynamicPayloadSize
 .text.NRF24_disableDynamicPayloads
                0x0000000008000b58       0x30 Core/Src/MY_NRF24.o
                0x0000000008000b58                NRF24_disableDynamicPayloads
 .text.NRF24_setAutoAck
                0x0000000008000b88       0x2a Core/Src/MY_NRF24.o
                0x0000000008000b88                NRF24_setAutoAck
 .text.NRF24_setPALevel
                0x0000000008000bb2       0x72 Core/Src/MY_NRF24.o
                0x0000000008000bb2                NRF24_setPALevel
 .text.NRF24_setDataRate
                0x0000000008000c24       0x8c Core/Src/MY_NRF24.o
                0x0000000008000c24                NRF24_setDataRate
 .text.NRF24_setCRCLength
                0x0000000008000cb0       0x50 Core/Src/MY_NRF24.o
                0x0000000008000cb0                NRF24_setCRCLength
 .text.NRF24_powerDown
                0x0000000008000d00       0x1e Core/Src/MY_NRF24.o
                0x0000000008000d00                NRF24_powerDown
 .text.NRF24_availablePipe
                0x0000000008000d1e       0x60 Core/Src/MY_NRF24.o
                0x0000000008000d1e                NRF24_availablePipe
 .text.NRF24_startWrite
                0x0000000008000d7e       0x5e Core/Src/MY_NRF24.o
                0x0000000008000d7e                NRF24_startWrite
 .text.NRF24_whatHappened
                0x0000000008000ddc       0x66 Core/Src/MY_NRF24.o
                0x0000000008000ddc                NRF24_whatHappened
 .text.NRF24_resetStatus
                0x0000000008000e42       0x10 Core/Src/MY_NRF24.o
                0x0000000008000e42                NRF24_resetStatus
 *fill*         0x0000000008000e52        0x2 
 .text.NRF24_ACTIVATE_cmd
                0x0000000008000e54       0x34 Core/Src/MY_NRF24.o
                0x0000000008000e54                NRF24_ACTIVATE_cmd
 .text.printRadioSettings
                0x0000000008000e88      0x850 Core/Src/MY_NRF24.o
                0x0000000008000e88                printRadioSettings
 .text.nrf24_DebugUART_Init
                0x00000000080016d8       0x30 Core/Src/MY_NRF24.o
                0x00000000080016d8                nrf24_DebugUART_Init
 .text.main     0x0000000008001708       0xcc Core/Src/main.o
                0x0000000008001708                main
 .text.SystemClock_Config
                0x00000000080017d4       0xd4 Core/Src/main.o
                0x00000000080017d4                SystemClock_Config
 .text.MX_SPI1_Init
                0x00000000080018a8       0x6c Core/Src/main.o
 .text.MX_USART2_UART_Init
                0x0000000008001914       0x54 Core/Src/main.o
 .text.MX_GPIO_Init
                0x0000000008001968       0xfc Core/Src/main.o
 .text.Error_Handler
                0x0000000008001a64        0xa Core/Src/main.o
                0x0000000008001a64                Error_Handler
 *fill*         0x0000000008001a6e        0x2 
 .text.HAL_MspInit
                0x0000000008001a70       0x50 Core/Src/stm32f4xx_hal_msp.o
                0x0000000008001a70                HAL_MspInit
 .text.HAL_SPI_MspInit
                0x0000000008001ac0       0x90 Core/Src/stm32f4xx_hal_msp.o
                0x0000000008001ac0                HAL_SPI_MspInit
 .text.HAL_UART_MspInit
                0x0000000008001b50       0x90 Core/Src/stm32f4xx_hal_msp.o
                0x0000000008001b50                HAL_UART_MspInit
 .text.NMI_Handler
                0x0000000008001be0        0x6 Core/Src/stm32f4xx_it.o
                0x0000000008001be0                NMI_Handler
 .text.HardFault_Handler
                0x0000000008001be6        0x6 Core/Src/stm32f4xx_it.o
                0x0000000008001be6                HardFault_Handler
 .text.MemManage_Handler
                0x0000000008001bec        0x6 Core/Src/stm32f4xx_it.o
                0x0000000008001bec                MemManage_Handler
 .text.BusFault_Handler
                0x0000000008001bf2        0x6 Core/Src/stm32f4xx_it.o
                0x0000000008001bf2                BusFault_Handler
 .text.UsageFault_Handler
                0x0000000008001bf8        0x6 Core/Src/stm32f4xx_it.o
                0x0000000008001bf8                UsageFault_Handler
 .text.SVC_Handler
                0x0000000008001bfe        0xe Core/Src/stm32f4xx_it.o
                0x0000000008001bfe                SVC_Handler
 .text.DebugMon_Handler
                0x0000000008001c0c        0xe Core/Src/stm32f4xx_it.o
                0x0000000008001c0c                DebugMon_Handler
 .text.PendSV_Handler
                0x0000000008001c1a        0xe Core/Src/stm32f4xx_it.o
                0x0000000008001c1a                PendSV_Handler
 .text.SysTick_Handler
                0x0000000008001c28        0xc Core/Src/stm32f4xx_it.o
                0x0000000008001c28                SysTick_Handler
 .text._sbrk    0x0000000008001c34       0x6c Core/Src/sysmem.o
                0x0000000008001c34                _sbrk
 .text.SystemInit
                0x0000000008001ca0       0x24 Core/Src/system_stm32f4xx.o
                0x0000000008001ca0                SystemInit
 .text.Reset_Handler
                0x0000000008001cc4       0x50 Core/Startup/startup_stm32f407vgtx.o
                0x0000000008001cc4                Reset_Handler
 .text.Default_Handler
                0x0000000008001d14        0x2 Core/Startup/startup_stm32f407vgtx.o
                0x0000000008001d14                RTC_Alarm_IRQHandler
                0x0000000008001d14                HASH_RNG_IRQHandler
                0x0000000008001d14                EXTI2_IRQHandler
                0x0000000008001d14                TIM8_CC_IRQHandler
                0x0000000008001d14                TIM1_CC_IRQHandler
                0x0000000008001d14                DMA2_Stream5_IRQHandler
                0x0000000008001d14                DMA1_Stream5_IRQHandler
                0x0000000008001d14                PVD_IRQHandler
                0x0000000008001d14                SDIO_IRQHandler
                0x0000000008001d14                TAMP_STAMP_IRQHandler
                0x0000000008001d14                CAN2_RX1_IRQHandler
                0x0000000008001d14                EXTI3_IRQHandler
                0x0000000008001d14                TIM8_TRG_COM_TIM14_IRQHandler
                0x0000000008001d14                TIM1_UP_TIM10_IRQHandler
                0x0000000008001d14                TIM8_UP_TIM13_IRQHandler
                0x0000000008001d14                I2C3_ER_IRQHandler
                0x0000000008001d14                EXTI0_IRQHandler
                0x0000000008001d14                I2C2_EV_IRQHandler
                0x0000000008001d14                DMA1_Stream2_IRQHandler
                0x0000000008001d14                CAN1_RX0_IRQHandler
                0x0000000008001d14                FPU_IRQHandler
                0x0000000008001d14                OTG_HS_WKUP_IRQHandler
                0x0000000008001d14                CAN2_SCE_IRQHandler
                0x0000000008001d14                DMA2_Stream2_IRQHandler
                0x0000000008001d14                SPI1_IRQHandler
                0x0000000008001d14                TIM6_DAC_IRQHandler
                0x0000000008001d14                TIM1_BRK_TIM9_IRQHandler
                0x0000000008001d14                DCMI_IRQHandler
                0x0000000008001d14                CAN2_RX0_IRQHandler
                0x0000000008001d14                DMA2_Stream3_IRQHandler
                0x0000000008001d14                USART6_IRQHandler
                0x0000000008001d14                USART3_IRQHandler
                0x0000000008001d14                CAN1_RX1_IRQHandler
                0x0000000008001d14                UART5_IRQHandler
                0x0000000008001d14                DMA2_Stream0_IRQHandler
                0x0000000008001d14                TIM4_IRQHandler
                0x0000000008001d14                I2C1_EV_IRQHandler
                0x0000000008001d14                DMA1_Stream6_IRQHandler
                0x0000000008001d14                DMA1_Stream1_IRQHandler
                0x0000000008001d14                UART4_IRQHandler
                0x0000000008001d14                TIM3_IRQHandler
                0x0000000008001d14                RCC_IRQHandler
                0x0000000008001d14                TIM8_BRK_TIM12_IRQHandler
                0x0000000008001d14                Default_Handler
                0x0000000008001d14                EXTI15_10_IRQHandler
                0x0000000008001d14                ADC_IRQHandler
                0x0000000008001d14                DMA1_Stream7_IRQHandler
                0x0000000008001d14                TIM7_IRQHandler
                0x0000000008001d14                CAN2_TX_IRQHandler
                0x0000000008001d14                TIM5_IRQHandler
                0x0000000008001d14                DMA2_Stream7_IRQHandler
                0x0000000008001d14                I2C3_EV_IRQHandler
                0x0000000008001d14                EXTI9_5_IRQHandler
                0x0000000008001d14                RTC_WKUP_IRQHandler
                0x0000000008001d14                ETH_WKUP_IRQHandler
                0x0000000008001d14                SPI2_IRQHandler
                0x0000000008001d14                OTG_HS_EP1_IN_IRQHandler
                0x0000000008001d14                DMA1_Stream0_IRQHandler
                0x0000000008001d14                CAN1_TX_IRQHandler
                0x0000000008001d14                EXTI4_IRQHandler
                0x0000000008001d14                FSMC_IRQHandler
                0x0000000008001d14                ETH_IRQHandler
                0x0000000008001d14                OTG_HS_EP1_OUT_IRQHandler
                0x0000000008001d14                WWDG_IRQHandler
                0x0000000008001d14                TIM2_IRQHandler
                0x0000000008001d14                OTG_FS_WKUP_IRQHandler
                0x0000000008001d14                TIM1_TRG_COM_TIM11_IRQHandler
                0x0000000008001d14                OTG_HS_IRQHandler
                0x0000000008001d14                EXTI1_IRQHandler
                0x0000000008001d14                USART2_IRQHandler
                0x0000000008001d14                I2C2_ER_IRQHandler
                0x0000000008001d14                DMA2_Stream1_IRQHandler
                0x0000000008001d14                CAN1_SCE_IRQHandler
                0x0000000008001d14                FLASH_IRQHandler
                0x0000000008001d14                DMA2_Stream4_IRQHandler
                0x0000000008001d14                USART1_IRQHandler
                0x0000000008001d14                OTG_FS_IRQHandler
                0x0000000008001d14                SPI3_IRQHandler
                0x0000000008001d14                DMA1_Stream4_IRQHandler
                0x0000000008001d14                I2C1_ER_IRQHandler
                0x0000000008001d14                DMA2_Stream6_IRQHandler
                0x0000000008001d14                DMA1_Stream3_IRQHandler
 *fill*         0x0000000008001d16        0x2 
 .text.HAL_Init
                0x0000000008001d18       0x44 Drivers/STM32F4xx_HAL_Driver/Src/stm32f4xx_hal.o
                0x0000000008001d18                HAL_Init
 .text.HAL_InitTick
                0x0000000008001d5c       0x60 Drivers/STM32F4xx_HAL_Driver/Src/stm32f4xx_hal.o
                0x0000000008001d5c                HAL_InitTick
 .text.HAL_IncTick
                0x0000000008001dbc       0x28 Drivers/STM32F4xx_HAL_Driver/Src/stm32f4xx_hal.o
                0x0000000008001dbc                HAL_IncTick
 .text.HAL_GetTick
                0x0000000008001de4       0x18 Drivers/STM32F4xx_HAL_Driver/Src/stm32f4xx_hal.o
                0x0000000008001de4                HAL_GetTick
 .text.HAL_Delay
                0x0000000008001dfc       0x48 Drivers/STM32F4xx_HAL_Driver/Src/stm32f4xx_hal.o
                0x0000000008001dfc                HAL_Delay
 .text.__NVIC_SetPriorityGrouping
                0x0000000008001e44       0x48 Drivers/STM32F4xx_HAL_Driver/Src/stm32f4xx_hal_cortex.o
 .text.__NVIC_GetPriorityGrouping
                0x0000000008001e8c       0x1c Drivers/STM32F4xx_HAL_Driver/Src/stm32f4xx_hal_cortex.o
 .text.__NVIC_SetPriority
                0x0000000008001ea8       0x54 Drivers/STM32F4xx_HAL_Driver/Src/stm32f4xx_hal_cortex.o
 .text.NVIC_EncodePriority
                0x0000000008001efc       0x66 Drivers/STM32F4xx_HAL_Driver/Src/stm32f4xx_hal_cortex.o
 *fill*         0x0000000008001f62        0x2 
 .text.SysTick_Config
                0x0000000008001f64       0x44 Drivers/STM32F4xx_HAL_Driver/Src/stm32f4xx_hal_cortex.o
 .text.HAL_NVIC_SetPriorityGrouping
                0x0000000008001fa8       0x16 Drivers/STM32F4xx_HAL_Driver/Src/stm32f4xx_hal_cortex.o
                0x0000000008001fa8                HAL_NVIC_SetPriorityGrouping
 .text.HAL_NVIC_SetPriority
                0x0000000008001fbe       0x38 Drivers/STM32F4xx_HAL_Driver/Src/stm32f4xx_hal_cortex.o
                0x0000000008001fbe                HAL_NVIC_SetPriority
 .text.HAL_SYSTICK_Config
                0x0000000008001ff6       0x18 Drivers/STM32F4xx_HAL_Driver/Src/stm32f4xx_hal_cortex.o
                0x0000000008001ff6                HAL_SYSTICK_Config
 *fill*         0x000000000800200e        0x2 
 .text.HAL_GPIO_Init
                0x0000000008002010      0x338 Drivers/STM32F4xx_HAL_Driver/Src/stm32f4xx_hal_gpio.o
                0x0000000008002010                HAL_GPIO_Init
 .text.HAL_GPIO_WritePin
                0x0000000008002348       0x32 Drivers/STM32F4xx_HAL_Driver/Src/stm32f4xx_hal_gpio.o
                0x0000000008002348                HAL_GPIO_WritePin
 .text.HAL_GPIO_TogglePin
                0x000000000800237a       0x34 Drivers/STM32F4xx_HAL_Driver/Src/stm32f4xx_hal_gpio.o
                0x000000000800237a                HAL_GPIO_TogglePin
 *fill*         0x00000000080023ae        0x2 
 .text.HAL_RCC_OscConfig
                0x00000000080023b0      0x4f0 Drivers/STM32F4xx_HAL_Driver/Src/stm32f4xx_hal_rcc.o
                0x00000000080023b0                HAL_RCC_OscConfig
 .text.HAL_RCC_ClockConfig
                0x00000000080028a0      0x1cc Drivers/STM32F4xx_HAL_Driver/Src/stm32f4xx_hal_rcc.o
                0x00000000080028a0                HAL_RCC_ClockConfig
 .text.HAL_RCC_GetSysClockFreq
                0x0000000008002a6c      0x16c Drivers/STM32F4xx_HAL_Driver/Src/stm32f4xx_hal_rcc.o
                0x0000000008002a6c                HAL_RCC_GetSysClockFreq
 .text.HAL_RCC_GetHCLKFreq
                0x0000000008002bd8       0x18 Drivers/STM32F4xx_HAL_Driver/Src/stm32f4xx_hal_rcc.o
                0x0000000008002bd8                HAL_RCC_GetHCLKFreq
 .text.HAL_RCC_GetPCLK1Freq
                0x0000000008002bf0       0x28 Drivers/STM32F4xx_HAL_Driver/Src/stm32f4xx_hal_rcc.o
                0x0000000008002bf0                HAL_RCC_GetPCLK1Freq
 .text.HAL_RCC_GetPCLK2Freq
                0x0000000008002c18       0x28 Drivers/STM32F4xx_HAL_Driver/Src/stm32f4xx_hal_rcc.o
                0x0000000008002c18                HAL_RCC_GetPCLK2Freq
 .text.HAL_SPI_Init
                0x0000000008002c40      0x112 Drivers/STM32F4xx_HAL_Driver/Src/stm32f4xx_hal_spi.o
                0x0000000008002c40                HAL_SPI_Init
 .text.HAL_SPI_Transmit
                0x0000000008002d52      0x278 Drivers/STM32F4xx_HAL_Driver/Src/stm32f4xx_hal_spi.o
                0x0000000008002d52                HAL_SPI_Transmit
 .text.HAL_SPI_Receive
                0x0000000008002fca      0x222 Drivers/STM32F4xx_HAL_Driver/Src/stm32f4xx_hal_spi.o
                0x0000000008002fca                HAL_SPI_Receive
 .text.HAL_SPI_TransmitReceive
                0x00000000080031ec      0x344 Drivers/STM32F4xx_HAL_Driver/Src/stm32f4xx_hal_spi.o
                0x00000000080031ec                HAL_SPI_TransmitReceive
 .text.SPI_WaitFlagStateUntilTimeout
                0x0000000008003530      0x110 Drivers/STM32F4xx_HAL_Driver/Src/stm32f4xx_hal_spi.o
 .text.SPI_EndRxTransaction
                0x0000000008003640       0xca Drivers/STM32F4xx_HAL_Driver/Src/stm32f4xx_hal_spi.o
 *fill*         0x000000000800370a        0x2 
 .text.SPI_EndRxTxTransaction
                0x000000000800370c       0x84 Drivers/STM32F4xx_HAL_Driver/Src/stm32f4xx_hal_spi.o
 .text.HAL_UART_Init
                0x0000000008003790       0x9a Drivers/STM32F4xx_HAL_Driver/Src/stm32f4xx_hal_uart.o
                0x0000000008003790                HAL_UART_Init
 .text.HAL_UART_Transmit
                0x000000000800382a      0x124 Drivers/STM32F4xx_HAL_Driver/Src/stm32f4xx_hal_uart.o
                0x000000000800382a                HAL_UART_Transmit
 .text.UART_WaitOnFlagUntilTimeout
                0x000000000800394e       0x94 Drivers/STM32F4xx_HAL_Driver/Src/stm32f4xx_hal_uart.o
 *fill*         0x00000000080039e2        0x2 
 .text.UART_SetConfig
                0x00000000080039e4      0x390 Drivers/STM32F4xx_HAL_Driver/Src/stm32f4xx_hal_uart.o
 .text.__errno  0x0000000008003d74        0xc c:/st/stm32cubeide_1.6.0/stm32cubeide/plugins/com.st.stm32cube.ide.mcu.externaltools.gnu-tools-for-stm32.9-2020-q2-update.win32_1.5.0.202011040924/tools/bin/../lib/gcc/arm-none-eabi/9.3.1/../../../../arm-none-eabi/lib/thumb/v7e-m+fp/hard\libc_nano.a(lib_a-errno.o)
                0x0000000008003d74                __errno
 .text.__libc_init_array
                0x0000000008003d80       0x48 c:/st/stm32cubeide_1.6.0/stm32cubeide/plugins/com.st.stm32cube.ide.mcu.externaltools.gnu-tools-for-stm32.9-2020-q2-update.win32_1.5.0.202011040924/tools/bin/../lib/gcc/arm-none-eabi/9.3.1/../../../../arm-none-eabi/lib/thumb/v7e-m+fp/hard\libc_nano.a(lib_a-init.o)
                0x0000000008003d80                __libc_init_array
 .text.memcpy   0x0000000008003dc8       0x1c c:/st/stm32cubeide_1.6.0/stm32cubeide/plugins/com.st.stm32cube.ide.mcu.externaltools.gnu-tools-for-stm32.9-2020-q2-update.win32_1.5.0.202011040924/tools/bin/../lib/gcc/arm-none-eabi/9.3.1/../../../../arm-none-eabi/lib/thumb/v7e-m+fp/hard\libc_nano.a(lib_a-memcpy-stub.o)
                0x0000000008003dc8                memcpy
 .text.memset   0x0000000008003de4       0x10 c:/st/stm32cubeide_1.6.0/stm32cubeide/plugins/com.st.stm32cube.ide.mcu.externaltools.gnu-tools-for-stm32.9-2020-q2-update.win32_1.5.0.202011040924/tools/bin/../lib/gcc/arm-none-eabi/9.3.1/../../../../arm-none-eabi/lib/thumb/v7e-m+fp/hard\libc_nano.a(lib_a-memset.o)
                0x0000000008003de4                memset
 .text.sprintf  0x0000000008003df4       0x40 c:/st/stm32cubeide_1.6.0/stm32cubeide/plugins/com.st.stm32cube.ide.mcu.externaltools.gnu-tools-for-stm32.9-2020-q2-update.win32_1.5.0.202011040924/tools/bin/../lib/gcc/arm-none-eabi/9.3.1/../../../../arm-none-eabi/lib/thumb/v7e-m+fp/hard\libc_nano.a(lib_a-sprintf.o)
                0x0000000008003df4                siprintf
                0x0000000008003df4                sprintf
 .text.__ssputs_r
                0x0000000008003e34       0xb6 c:/st/stm32cubeide_1.6.0/stm32cubeide/plugins/com.st.stm32cube.ide.mcu.externaltools.gnu-tools-for-stm32.9-2020-q2-update.win32_1.5.0.202011040924/tools/bin/../lib/gcc/arm-none-eabi/9.3.1/../../../../arm-none-eabi/lib/thumb/v7e-m+fp/hard\libc_nano.a(lib_a-nano-svfprintf.o)
                0x0000000008003e34                __ssputs_r
 *fill*         0x0000000008003eea        0x2 
 .text._svfprintf_r
                0x0000000008003eec      0x200 c:/st/stm32cubeide_1.6.0/stm32cubeide/plugins/com.st.stm32cube.ide.mcu.externaltools.gnu-tools-for-stm32.9-2020-q2-update.win32_1.5.0.202011040924/tools/bin/../lib/gcc/arm-none-eabi/9.3.1/../../../../arm-none-eabi/lib/thumb/v7e-m+fp/hard\libc_nano.a(lib_a-nano-svfprintf.o)
                0x0000000008003eec                _svfiprintf_r
                0x0000000008003eec                _svfprintf_r
 .text._printf_common
                0x00000000080040ec       0xda c:/st/stm32cubeide_1.6.0/stm32cubeide/plugins/com.st.stm32cube.ide.mcu.externaltools.gnu-tools-for-stm32.9-2020-q2-update.win32_1.5.0.202011040924/tools/bin/../lib/gcc/arm-none-eabi/9.3.1/../../../../arm-none-eabi/lib/thumb/v7e-m+fp/hard\libc_nano.a(lib_a-nano-vfprintf_i.o)
                0x00000000080040ec                _printf_common
 *fill*         0x00000000080041c6        0x2 
 .text._printf_i
                0x00000000080041c8      0x24c c:/st/stm32cubeide_1.6.0/stm32cubeide/plugins/com.st.stm32cube.ide.mcu.externaltools.gnu-tools-for-stm32.9-2020-q2-update.win32_1.5.0.202011040924/tools/bin/../lib/gcc/arm-none-eabi/9.3.1/../../../../arm-none-eabi/lib/thumb/v7e-m+fp/hard\libc_nano.a(lib_a-nano-vfprintf_i.o)
                0x00000000080041c8                _printf_i
 .text.memmove  0x0000000008004414       0x34 c:/st/stm32cubeide_1.6.0/stm32cubeide/plugins/com.st.stm32cube.ide.mcu.externaltools.gnu-tools-for-stm32.9-2020-q2-update.win32_1.5.0.202011040924/tools/bin/../lib/gcc/arm-none-eabi/9.3.1/../../../../arm-none-eabi/lib/thumb/v7e-m+fp/hard\libc_nano.a(lib_a-memmove.o)
                0x0000000008004414                memmove
 .text._free_r  0x0000000008004448       0xa0 c:/st/stm32cubeide_1.6.0/stm32cubeide/plugins/com.st.stm32cube.ide.mcu.externaltools.gnu-tools-for-stm32.9-2020-q2-update.win32_1.5.0.202011040924/tools/bin/../lib/gcc/arm-none-eabi/9.3.1/../../../../arm-none-eabi/lib/thumb/v7e-m+fp/hard\libc_nano.a(lib_a-nano-freer.o)
                0x0000000008004448                _free_r
 .text._malloc_r
                0x00000000080044e8       0xb4 c:/st/stm32cubeide_1.6.0/stm32cubeide/plugins/com.st.stm32cube.ide.mcu.externaltools.gnu-tools-for-stm32.9-2020-q2-update.win32_1.5.0.202011040924/tools/bin/../lib/gcc/arm-none-eabi/9.3.1/../../../../arm-none-eabi/lib/thumb/v7e-m+fp/hard\libc_nano.a(lib_a-nano-mallocr.o)
                0x00000000080044e8                _malloc_r
 .text._realloc_r
                0x000000000800459c       0x4c c:/st/stm32cubeide_1.6.0/stm32cubeide/plugins/com.st.stm32cube.ide.mcu.externaltools.gnu-tools-for-stm32.9-2020-q2-update.win32_1.5.0.202011040924/tools/bin/../lib/gcc/arm-none-eabi/9.3.1/../../../../arm-none-eabi/lib/thumb/v7e-m+fp/hard\libc_nano.a(lib_a-nano-reallocr.o)
                0x000000000800459c                _realloc_r
 .text._sbrk_r  0x00000000080045e8       0x20 c:/st/stm32cubeide_1.6.0/stm32cubeide/plugins/com.st.stm32cube.ide.mcu.externaltools.gnu-tools-for-stm32.9-2020-q2-update.win32_1.5.0.202011040924/tools/bin/../lib/gcc/arm-none-eabi/9.3.1/../../../../arm-none-eabi/lib/thumb/v7e-m+fp/hard\libc_nano.a(lib_a-sbrkr.o)
                0x00000000080045e8                _sbrk_r
 .text.__malloc_lock
                0x0000000008004608        0xc c:/st/stm32cubeide_1.6.0/stm32cubeide/plugins/com.st.stm32cube.ide.mcu.externaltools.gnu-tools-for-stm32.9-2020-q2-update.win32_1.5.0.202011040924/tools/bin/../lib/gcc/arm-none-eabi/9.3.1/../../../../arm-none-eabi/lib/thumb/v7e-m+fp/hard\libc_nano.a(lib_a-mlock.o)
                0x0000000008004608                __malloc_lock
 .text.__malloc_unlock
                0x0000000008004614        0xc c:/st/stm32cubeide_1.6.0/stm32cubeide/plugins/com.st.stm32cube.ide.mcu.externaltools.gnu-tools-for-stm32.9-2020-q2-update.win32_1.5.0.202011040924/tools/bin/../lib/gcc/arm-none-eabi/9.3.1/../../../../arm-none-eabi/lib/thumb/v7e-m+fp/hard\libc_nano.a(lib_a-mlock.o)
                0x0000000008004614                __malloc_unlock
 .text._malloc_usable_size_r
                0x0000000008004620       0x10 c:/st/stm32cubeide_1.6.0/stm32cubeide/plugins/com.st.stm32cube.ide.mcu.externaltools.gnu-tools-for-stm32.9-2020-q2-update.win32_1.5.0.202011040924/tools/bin/../lib/gcc/arm-none-eabi/9.3.1/../../../../arm-none-eabi/lib/thumb/v7e-m+fp/hard\libc_nano.a(lib_a-nano-msizer.o)
                0x0000000008004620                _malloc_usable_size_r
 .text.__retarget_lock_acquire_recursive
                0x0000000008004630        0x2 c:/st/stm32cubeide_1.6.0/stm32cubeide/plugins/com.st.stm32cube.ide.mcu.externaltools.gnu-tools-for-stm32.9-2020-q2-update.win32_1.5.0.202011040924/tools/bin/../lib/gcc/arm-none-eabi/9.3.1/../../../../arm-none-eabi/lib/thumb/v7e-m+fp/hard\libc_nano.a(lib_a-lock.o)
                0x0000000008004630                __retarget_lock_acquire_recursive
 .text.__retarget_lock_release_recursive
                0x0000000008004632        0x2 c:/st/stm32cubeide_1.6.0/stm32cubeide/plugins/com.st.stm32cube.ide.mcu.externaltools.gnu-tools-for-stm32.9-2020-q2-update.win32_1.5.0.202011040924/tools/bin/../lib/gcc/arm-none-eabi/9.3.1/../../../../arm-none-eabi/lib/thumb/v7e-m+fp/hard\libc_nano.a(lib_a-lock.o)
                0x0000000008004632                __retarget_lock_release_recursive
 *(.glue_7)
 .glue_7        0x0000000008004634        0x0 linker stubs
 *(.glue_7t)
 .glue_7t       0x0000000008004634        0x0 linker stubs
 *(.eh_frame)
 .eh_frame      0x0000000008004634        0x0 c:/st/stm32cubeide_1.6.0/stm32cubeide/plugins/com.st.stm32cube.ide.mcu.externaltools.gnu-tools-for-stm32.9-2020-q2-update.win32_1.5.0.202011040924/tools/bin/../lib/gcc/arm-none-eabi/9.3.1/thumb/v7e-m+fp/hard/crtbegin.o
 *(.init)
 .init          0x0000000008004634        0x4 c:/st/stm32cubeide_1.6.0/stm32cubeide/plugins/com.st.stm32cube.ide.mcu.externaltools.gnu-tools-for-stm32.9-2020-q2-update.win32_1.5.0.202011040924/tools/bin/../lib/gcc/arm-none-eabi/9.3.1/thumb/v7e-m+fp/hard/crti.o
                0x0000000008004634                _init
 .init          0x0000000008004638        0x8 c:/st/stm32cubeide_1.6.0/stm32cubeide/plugins/com.st.stm32cube.ide.mcu.externaltools.gnu-tools-for-stm32.9-2020-q2-update.win32_1.5.0.202011040924/tools/bin/../lib/gcc/arm-none-eabi/9.3.1/thumb/v7e-m+fp/hard/crtn.o
 *(.fini)
 .fini          0x0000000008004640        0x4 c:/st/stm32cubeide_1.6.0/stm32cubeide/plugins/com.st.stm32cube.ide.mcu.externaltools.gnu-tools-for-stm32.9-2020-q2-update.win32_1.5.0.202011040924/tools/bin/../lib/gcc/arm-none-eabi/9.3.1/thumb/v7e-m+fp/hard/crti.o
                0x0000000008004640                _fini
 .fini          0x0000000008004644        0x8 c:/st/stm32cubeide_1.6.0/stm32cubeide/plugins/com.st.stm32cube.ide.mcu.externaltools.gnu-tools-for-stm32.9-2020-q2-update.win32_1.5.0.202011040924/tools/bin/../lib/gcc/arm-none-eabi/9.3.1/thumb/v7e-m+fp/hard/crtn.o
                0x000000000800464c                . = ALIGN (0x4)
                0x000000000800464c                _etext = .

.vfp11_veneer   0x000000000800464c        0x0
 .vfp11_veneer  0x000000000800464c        0x0 linker stubs

.v4_bx          0x000000000800464c        0x0
 .v4_bx         0x000000000800464c        0x0 linker stubs

.iplt           0x000000000800464c        0x0
 .iplt          0x000000000800464c        0x0 c:/st/stm32cubeide_1.6.0/stm32cubeide/plugins/com.st.stm32cube.ide.mcu.externaltools.gnu-tools-for-stm32.9-2020-q2-update.win32_1.5.0.202011040924/tools/bin/../lib/gcc/arm-none-eabi/9.3.1/thumb/v7e-m+fp/hard/crtbegin.o

.rodata         0x000000000800464c      0x5ac
                0x000000000800464c                . = ALIGN (0x4)
 *(.rodata)
 .rodata        0x000000000800464c      0x541 Core/Src/MY_NRF24.o
 *fill*         0x0000000008004b8d        0x3 
 .rodata        0x0000000008004b90       0x1b Core/Src/main.o
 *(.rodata*)
 *fill*         0x0000000008004bab        0x1 
 .rodata.AHBPrescTable
                0x0000000008004bac       0x10 Core/Src/system_stm32f4xx.o
                0x0000000008004bac                AHBPrescTable
 .rodata.APBPrescTable
                0x0000000008004bbc        0x8 Core/Src/system_stm32f4xx.o
                0x0000000008004bbc                APBPrescTable
 .rodata._svfprintf_r.str1.1
                0x0000000008004bc4       0x11 c:/st/stm32cubeide_1.6.0/stm32cubeide/plugins/com.st.stm32cube.ide.mcu.externaltools.gnu-tools-for-stm32.9-2020-q2-update.win32_1.5.0.202011040924/tools/bin/../lib/gcc/arm-none-eabi/9.3.1/../../../../arm-none-eabi/lib/thumb/v7e-m+fp/hard\libc_nano.a(lib_a-nano-svfprintf.o)
 .rodata._printf_i.str1.1
                0x0000000008004bd5       0x22 c:/st/stm32cubeide_1.6.0/stm32cubeide/plugins/com.st.stm32cube.ide.mcu.externaltools.gnu-tools-for-stm32.9-2020-q2-update.win32_1.5.0.202011040924/tools/bin/../lib/gcc/arm-none-eabi/9.3.1/../../../../arm-none-eabi/lib/thumb/v7e-m+fp/hard\libc_nano.a(lib_a-nano-vfprintf_i.o)
                0x0000000008004bf8                . = ALIGN (0x4)
 *fill*         0x0000000008004bf7        0x1 

.ARM.extab      0x0000000008004bf8        0x0
                0x0000000008004bf8                . = ALIGN (0x4)
 *(.ARM.extab* .gnu.linkonce.armextab.*)
                0x0000000008004bf8                . = ALIGN (0x4)

.ARM            0x0000000008004bf8        0x8
                0x0000000008004bf8                . = ALIGN (0x4)
                0x0000000008004bf8                __exidx_start = .
 *(.ARM.exidx*)
 .ARM.exidx     0x0000000008004bf8        0x8 c:/st/stm32cubeide_1.6.0/stm32cubeide/plugins/com.st.stm32cube.ide.mcu.externaltools.gnu-tools-for-stm32.9-2020-q2-update.win32_1.5.0.202011040924/tools/bin/../lib/gcc/arm-none-eabi/9.3.1/thumb/v7e-m+fp/hard\libgcc.a(_udivmoddi4.o)
                0x0000000008004c00                __exidx_end = .
                0x0000000008004c00                . = ALIGN (0x4)

.rel.dyn        0x0000000008004c00        0x0
 .rel.iplt      0x0000000008004c00        0x0 c:/st/stm32cubeide_1.6.0/stm32cubeide/plugins/com.st.stm32cube.ide.mcu.externaltools.gnu-tools-for-stm32.9-2020-q2-update.win32_1.5.0.202011040924/tools/bin/../lib/gcc/arm-none-eabi/9.3.1/thumb/v7e-m+fp/hard/crtbegin.o

.preinit_array  0x0000000008004c00        0x0
                0x0000000008004c00                . = ALIGN (0x4)
                0x0000000008004c00                PROVIDE (__preinit_array_start = .)
 *(.preinit_array*)
                0x0000000008004c00                PROVIDE (__preinit_array_end = .)
                0x0000000008004c00                . = ALIGN (0x4)

.init_array     0x0000000008004c00        0x4
                0x0000000008004c00                . = ALIGN (0x4)
                0x0000000008004c00                PROVIDE (__init_array_start = .)
 *(SORT_BY_NAME(.init_array.*))
 *(.init_array*)
 .init_array    0x0000000008004c00        0x4 c:/st/stm32cubeide_1.6.0/stm32cubeide/plugins/com.st.stm32cube.ide.mcu.externaltools.gnu-tools-for-stm32.9-2020-q2-update.win32_1.5.0.202011040924/tools/bin/../lib/gcc/arm-none-eabi/9.3.1/thumb/v7e-m+fp/hard/crtbegin.o
                0x0000000008004c04                PROVIDE (__init_array_end = .)
                0x0000000008004c04                . = ALIGN (0x4)

.fini_array     0x0000000008004c04        0x4
                0x0000000008004c04                . = ALIGN (0x4)
                [!provide]                        PROVIDE (__fini_array_start = .)
 *(SORT_BY_NAME(.fini_array.*))
 *(.fini_array*)
 .fini_array    0x0000000008004c04        0x4 c:/st/stm32cubeide_1.6.0/stm32cubeide/plugins/com.st.stm32cube.ide.mcu.externaltools.gnu-tools-for-stm32.9-2020-q2-update.win32_1.5.0.202011040924/tools/bin/../lib/gcc/arm-none-eabi/9.3.1/thumb/v7e-m+fp/hard/crtbegin.o
                [!provide]                        PROVIDE (__fini_array_end = .)
                0x0000000008004c08                . = ALIGN (0x4)
                0x0000000008004c08                _sidata = LOADADDR (.data)

.data           0x0000000020000000       0x98 load address 0x0000000008004c08
                0x0000000020000000                . = ALIGN (0x4)
                0x0000000020000000                _sdata = .
 *(.data)
 *(.data*)
 .data.TxpipeAddrs
                0x0000000020000000        0x8 Core/Src/main.o
                0x0000000020000000                TxpipeAddrs
 .data.myTxData
                0x0000000020000008       0x20 Core/Src/main.o
                0x0000000020000008                myTxData
 .data.SystemCoreClock
                0x0000000020000028        0x4 Core/Src/system_stm32f4xx.o
                0x0000000020000028                SystemCoreClock
 .data.uwTickPrio
                0x000000002000002c        0x4 Drivers/STM32F4xx_HAL_Driver/Src/stm32f4xx_hal.o
                0x000000002000002c                uwTickPrio
 .data.uwTickFreq
                0x0000000020000030        0x1 Drivers/STM32F4xx_HAL_Driver/Src/stm32f4xx_hal.o
                0x0000000020000030                uwTickFreq
 *fill*         0x0000000020000031        0x3 
 .data._impure_ptr
                0x0000000020000034        0x4 c:/st/stm32cubeide_1.6.0/stm32cubeide/plugins/com.st.stm32cube.ide.mcu.externaltools.gnu-tools-for-stm32.9-2020-q2-update.win32_1.5.0.202011040924/tools/bin/../lib/gcc/arm-none-eabi/9.3.1/../../../../arm-none-eabi/lib/thumb/v7e-m+fp/hard\libc_nano.a(lib_a-impure.o)
                0x0000000020000034                _impure_ptr
 .data.impure_data
                0x0000000020000038       0x60 c:/st/stm32cubeide_1.6.0/stm32cubeide/plugins/com.st.stm32cube.ide.mcu.externaltools.gnu-tools-for-stm32.9-2020-q2-update.win32_1.5.0.202011040924/tools/bin/../lib/gcc/arm-none-eabi/9.3.1/../../../../arm-none-eabi/lib/thumb/v7e-m+fp/hard\libc_nano.a(lib_a-impure.o)
 *(.RamFunc)
 *(.RamFunc*)
                0x0000000020000098                . = ALIGN (0x4)
                0x0000000020000098                _edata = .

.igot.plt       0x0000000020000098        0x0 load address 0x0000000008004ca0
 .igot.plt      0x0000000020000098        0x0 c:/st/stm32cubeide_1.6.0/stm32cubeide/plugins/com.st.stm32cube.ide.mcu.externaltools.gnu-tools-for-stm32.9-2020-q2-update.win32_1.5.0.202011040924/tools/bin/../lib/gcc/arm-none-eabi/9.3.1/thumb/v7e-m+fp/hard/crtbegin.o
                0x0000000020000098                . = ALIGN (0x4)

.bss            0x0000000020000098      0x184 load address 0x0000000008004ca0
                0x0000000020000098                _sbss = .
                0x0000000020000098                __bss_start__ = _sbss
 *(.bss)
 .bss           0x0000000020000098       0x1c c:/st/stm32cubeide_1.6.0/stm32cubeide/plugins/com.st.stm32cube.ide.mcu.externaltools.gnu-tools-for-stm32.9-2020-q2-update.win32_1.5.0.202011040924/tools/bin/../lib/gcc/arm-none-eabi/9.3.1/thumb/v7e-m+fp/hard/crtbegin.o
 *(.bss*)
 .bss.ack_payload_available
                0x00000000200000b4        0x1 Core/Src/MY_NRF24.o
 .bss.ack_payload_length
                0x00000000200000b5        0x1 Core/Src/MY_NRF24.o
 .bss.payload_size
                0x00000000200000b6        0x1 Core/Src/MY_NRF24.o
 .bss.dynamic_payloads_enabled
                0x00000000200000b7        0x1 Core/Src/MY_NRF24.o
 .bss.wide_band
                0x00000000200000b8        0x1 Core/Src/MY_NRF24.o
 *fill*         0x00000000200000b9        0x3 
 .bss.nrf24_PORT
                0x00000000200000bc        0x4 Core/Src/MY_NRF24.o
 .bss.nrf24_CSN_PIN
                0x00000000200000c0        0x2 Core/Src/MY_NRF24.o
 .bss.nrf24_CE_PIN
                0x00000000200000c2        0x2 Core/Src/MY_NRF24.o
 .bss.nrf24_hspi
                0x00000000200000c4       0x58 Core/Src/MY_NRF24.o
 .bss.nrf24_huart
                0x000000002000011c       0x44 Core/Src/MY_NRF24.o
 .bss.__sbrk_heap_end
                0x0000000020000160        0x4 Core/Src/sysmem.o
 .bss.__malloc_free_list
                0x0000000020000164        0x4 c:/st/stm32cubeide_1.6.0/stm32cubeide/plugins/com.st.stm32cube.ide.mcu.externaltools.gnu-tools-for-stm32.9-2020-q2-update.win32_1.5.0.202011040924/tools/bin/../lib/gcc/arm-none-eabi/9.3.1/../../../../arm-none-eabi/lib/thumb/v7e-m+fp/hard\libc_nano.a(lib_a-nano-mallocr.o)
                0x0000000020000164                __malloc_free_list
 .bss.__malloc_sbrk_start
                0x0000000020000168        0x4 c:/st/stm32cubeide_1.6.0/stm32cubeide/plugins/com.st.stm32cube.ide.mcu.externaltools.gnu-tools-for-stm32.9-2020-q2-update.win32_1.5.0.202011040924/tools/bin/../lib/gcc/arm-none-eabi/9.3.1/../../../../arm-none-eabi/lib/thumb/v7e-m+fp/hard\libc_nano.a(lib_a-nano-mallocr.o)
                0x0000000020000168                __malloc_sbrk_start
 *(COMMON)
 COMMON         0x000000002000016c       0x9c Core/Src/main.o
                0x000000002000016c                hspi1
                0x00000000200001c4                huart2
 COMMON         0x0000000020000208        0x4 Drivers/STM32F4xx_HAL_Driver/Src/stm32f4xx_hal.o
                0x0000000020000208                uwTick
 COMMON         0x000000002000020c        0x4 c:/st/stm32cubeide_1.6.0/stm32cubeide/plugins/com.st.stm32cube.ide.mcu.externaltools.gnu-tools-for-stm32.9-2020-q2-update.win32_1.5.0.202011040924/tools/bin/../lib/gcc/arm-none-eabi/9.3.1/../../../../arm-none-eabi/lib/thumb/v7e-m+fp/hard\libc_nano.a(lib_a-reent.o)
                0x000000002000020c                errno
 COMMON         0x0000000020000210        0x9 c:/st/stm32cubeide_1.6.0/stm32cubeide/plugins/com.st.stm32cube.ide.mcu.externaltools.gnu-tools-for-stm32.9-2020-q2-update.win32_1.5.0.202011040924/tools/bin/../lib/gcc/arm-none-eabi/9.3.1/../../../../arm-none-eabi/lib/thumb/v7e-m+fp/hard\libc_nano.a(lib_a-lock.o)
                0x0000000020000210                __lock___atexit_recursive_mutex
                0x0000000020000211                __lock___arc4random_mutex
                0x0000000020000212                __lock___env_recursive_mutex
                0x0000000020000213                __lock___sinit_recursive_mutex
                0x0000000020000214                __lock___malloc_recursive_mutex
                0x0000000020000215                __lock___at_quick_exit_mutex
                0x0000000020000216                __lock___dd_hash_mutex
                0x0000000020000217                __lock___tz_mutex
                0x0000000020000218                __lock___sfp_recursive_mutex
                0x000000002000021c                . = ALIGN (0x4)
 *fill*         0x0000000020000219        0x3 
                0x000000002000021c                _ebss = .
                0x000000002000021c                __bss_end__ = _ebss

._user_heap_stack
                0x000000002000021c      0x604 load address 0x0000000008004ca0
                0x0000000020000220                . = ALIGN (0x8)
 *fill*         0x000000002000021c        0x4 
                [!provide]                        PROVIDE (end = .)
                0x0000000020000220                PROVIDE (_end = .)
                0x0000000020000420                . = (. + _Min_Heap_Size)
 *fill*         0x0000000020000220      0x200 
                0x0000000020000820                . = (. + _Min_Stack_Size)
 *fill*         0x0000000020000420      0x400 
                0x0000000020000820                . = ALIGN (0x8)

/DISCARD/
 libc.a(*)
 libm.a(*)
 libgcc.a(*)

.ARM.attributes
                0x0000000000000000       0x30
 *(.ARM.attributes)
 .ARM.attributes
                0x0000000000000000       0x1e c:/st/stm32cubeide_1.6.0/stm32cubeide/plugins/com.st.stm32cube.ide.mcu.externaltools.gnu-tools-for-stm32.9-2020-q2-update.win32_1.5.0.202011040924/tools/bin/../lib/gcc/arm-none-eabi/9.3.1/thumb/v7e-m+fp/hard/crti.o
 .ARM.attributes
                0x000000000000001e       0x34 c:/st/stm32cubeide_1.6.0/stm32cubeide/plugins/com.st.stm32cube.ide.mcu.externaltools.gnu-tools-for-stm32.9-2020-q2-update.win32_1.5.0.202011040924/tools/bin/../lib/gcc/arm-none-eabi/9.3.1/thumb/v7e-m+fp/hard/crtbegin.o
 .ARM.attributes
                0x0000000000000052       0x34 Core/Src/MY_NRF24.o
 .ARM.attributes
                0x0000000000000086       0x34 Core/Src/main.o
 .ARM.attributes
                0x00000000000000ba       0x34 Core/Src/stm32f4xx_hal_msp.o
 .ARM.attributes
                0x00000000000000ee       0x34 Core/Src/stm32f4xx_it.o
 .ARM.attributes
                0x0000000000000122       0x34 Core/Src/sysmem.o
 .ARM.attributes
                0x0000000000000156       0x34 Core/Src/system_stm32f4xx.o
 .ARM.attributes
                0x000000000000018a       0x21 Core/Startup/startup_stm32f407vgtx.o
 .ARM.attributes
                0x00000000000001ab       0x34 Drivers/STM32F4xx_HAL_Driver/Src/stm32f4xx_hal.o
 .ARM.attributes
                0x00000000000001df       0x34 Drivers/STM32F4xx_HAL_Driver/Src/stm32f4xx_hal_cortex.o
 .ARM.attributes
                0x0000000000000213       0x34 Drivers/STM32F4xx_HAL_Driver/Src/stm32f4xx_hal_gpio.o
 .ARM.attributes
                0x0000000000000247       0x34 Drivers/STM32F4xx_HAL_Driver/Src/stm32f4xx_hal_rcc.o
 .ARM.attributes
                0x000000000000027b       0x34 Drivers/STM32F4xx_HAL_Driver/Src/stm32f4xx_hal_spi.o
 .ARM.attributes
                0x00000000000002af       0x34 Drivers/STM32F4xx_HAL_Driver/Src/stm32f4xx_hal_uart.o
 .ARM.attributes
                0x00000000000002e3       0x34 c:/st/stm32cubeide_1.6.0/stm32cubeide/plugins/com.st.stm32cube.ide.mcu.externaltools.gnu-tools-for-stm32.9-2020-q2-update.win32_1.5.0.202011040924/tools/bin/../lib/gcc/arm-none-eabi/9.3.1/../../../../arm-none-eabi/lib/thumb/v7e-m+fp/hard\libc_nano.a(lib_a-errno.o)
 .ARM.attributes
                0x0000000000000317       0x32 c:/st/stm32cubeide_1.6.0/stm32cubeide/plugins/com.st.stm32cube.ide.mcu.externaltools.gnu-tools-for-stm32.9-2020-q2-update.win32_1.5.0.202011040924/tools/bin/../lib/gcc/arm-none-eabi/9.3.1/../../../../arm-none-eabi/lib/thumb/v7e-m+fp/hard\libc_nano.a(lib_a-impure.o)
 .ARM.attributes
                0x0000000000000349       0x34 c:/st/stm32cubeide_1.6.0/stm32cubeide/plugins/com.st.stm32cube.ide.mcu.externaltools.gnu-tools-for-stm32.9-2020-q2-update.win32_1.5.0.202011040924/tools/bin/../lib/gcc/arm-none-eabi/9.3.1/../../../../arm-none-eabi/lib/thumb/v7e-m+fp/hard\libc_nano.a(lib_a-init.o)
 .ARM.attributes
                0x000000000000037d       0x34 c:/st/stm32cubeide_1.6.0/stm32cubeide/plugins/com.st.stm32cube.ide.mcu.externaltools.gnu-tools-for-stm32.9-2020-q2-update.win32_1.5.0.202011040924/tools/bin/../lib/gcc/arm-none-eabi/9.3.1/../../../../arm-none-eabi/lib/thumb/v7e-m+fp/hard\libc_nano.a(lib_a-memcpy-stub.o)
 .ARM.attributes
                0x00000000000003b1       0x34 c:/st/stm32cubeide_1.6.0/stm32cubeide/plugins/com.st.stm32cube.ide.mcu.externaltools.gnu-tools-for-stm32.9-2020-q2-update.win32_1.5.0.202011040924/tools/bin/../lib/gcc/arm-none-eabi/9.3.1/../../../../arm-none-eabi/lib/thumb/v7e-m+fp/hard\libc_nano.a(lib_a-memset.o)
 .ARM.attributes
                0x00000000000003e5       0x34 c:/st/stm32cubeide_1.6.0/stm32cubeide/plugins/com.st.stm32cube.ide.mcu.externaltools.gnu-tools-for-stm32.9-2020-q2-update.win32_1.5.0.202011040924/tools/bin/../lib/gcc/arm-none-eabi/9.3.1/../../../../arm-none-eabi/lib/thumb/v7e-m+fp/hard\libc_nano.a(lib_a-sprintf.o)
 .ARM.attributes
                0x0000000000000419       0x17 c:/st/stm32cubeide_1.6.0/stm32cubeide/plugins/com.st.stm32cube.ide.mcu.externaltools.gnu-tools-for-stm32.9-2020-q2-update.win32_1.5.0.202011040924/tools/bin/../lib/gcc/arm-none-eabi/9.3.1/../../../../arm-none-eabi/lib/thumb/v7e-m+fp/hard\libc_nano.a(lib_a-strlen.o)
 .ARM.attributes
                0x0000000000000430       0x34 c:/st/stm32cubeide_1.6.0/stm32cubeide/plugins/com.st.stm32cube.ide.mcu.externaltools.gnu-tools-for-stm32.9-2020-q2-update.win32_1.5.0.202011040924/tools/bin/../lib/gcc/arm-none-eabi/9.3.1/../../../../arm-none-eabi/lib/thumb/v7e-m+fp/hard\libc_nano.a(lib_a-nano-svfprintf.o)
 .ARM.attributes
                0x0000000000000464       0x34 c:/st/stm32cubeide_1.6.0/stm32cubeide/plugins/com.st.stm32cube.ide.mcu.externaltools.gnu-tools-for-stm32.9-2020-q2-update.win32_1.5.0.202011040924/tools/bin/../lib/gcc/arm-none-eabi/9.3.1/../../../../arm-none-eabi/lib/thumb/v7e-m+fp/hard\libc_nano.a(lib_a-nano-vfprintf_i.o)
 .ARM.attributes
                0x0000000000000498       0x1c c:/st/stm32cubeide_1.6.0/stm32cubeide/plugins/com.st.stm32cube.ide.mcu.externaltools.gnu-tools-for-stm32.9-2020-q2-update.win32_1.5.0.202011040924/tools/bin/../lib/gcc/arm-none-eabi/9.3.1/../../../../arm-none-eabi/lib/thumb/v7e-m+fp/hard\libc_nano.a(lib_a-memchr.o)
 .ARM.attributes
                0x00000000000004b4       0x34 c:/st/stm32cubeide_1.6.0/stm32cubeide/plugins/com.st.stm32cube.ide.mcu.externaltools.gnu-tools-for-stm32.9-2020-q2-update.win32_1.5.0.202011040924/tools/bin/../lib/gcc/arm-none-eabi/9.3.1/../../../../arm-none-eabi/lib/thumb/v7e-m+fp/hard\libc_nano.a(lib_a-memmove.o)
 .ARM.attributes
                0x00000000000004e8       0x34 c:/st/stm32cubeide_1.6.0/stm32cubeide/plugins/com.st.stm32cube.ide.mcu.externaltools.gnu-tools-for-stm32.9-2020-q2-update.win32_1.5.0.202011040924/tools/bin/../lib/gcc/arm-none-eabi/9.3.1/../../../../arm-none-eabi/lib/thumb/v7e-m+fp/hard\libc_nano.a(lib_a-nano-freer.o)
 .ARM.attributes
                0x000000000000051c       0x34 c:/st/stm32cubeide_1.6.0/stm32cubeide/plugins/com.st.stm32cube.ide.mcu.externaltools.gnu-tools-for-stm32.9-2020-q2-update.win32_1.5.0.202011040924/tools/bin/../lib/gcc/arm-none-eabi/9.3.1/../../../../arm-none-eabi/lib/thumb/v7e-m+fp/hard\libc_nano.a(lib_a-nano-mallocr.o)
 .ARM.attributes
                0x0000000000000550       0x34 c:/st/stm32cubeide_1.6.0/stm32cubeide/plugins/com.st.stm32cube.ide.mcu.externaltools.gnu-tools-for-stm32.9-2020-q2-update.win32_1.5.0.202011040924/tools/bin/../lib/gcc/arm-none-eabi/9.3.1/../../../../arm-none-eabi/lib/thumb/v7e-m+fp/hard\libc_nano.a(lib_a-nano-reallocr.o)
 .ARM.attributes
                0x0000000000000584       0x34 c:/st/stm32cubeide_1.6.0/stm32cubeide/plugins/com.st.stm32cube.ide.mcu.externaltools.gnu-tools-for-stm32.9-2020-q2-update.win32_1.5.0.202011040924/tools/bin/../lib/gcc/arm-none-eabi/9.3.1/../../../../arm-none-eabi/lib/thumb/v7e-m+fp/hard\libc_nano.a(lib_a-sbrkr.o)
 .ARM.attributes
                0x00000000000005b8       0x34 c:/st/stm32cubeide_1.6.0/stm32cubeide/plugins/com.st.stm32cube.ide.mcu.externaltools.gnu-tools-for-stm32.9-2020-q2-update.win32_1.5.0.202011040924/tools/bin/../lib/gcc/arm-none-eabi/9.3.1/../../../../arm-none-eabi/lib/thumb/v7e-m+fp/hard\libc_nano.a(lib_a-mlock.o)
 .ARM.attributes
                0x00000000000005ec       0x34 c:/st/stm32cubeide_1.6.0/stm32cubeide/plugins/com.st.stm32cube.ide.mcu.externaltools.gnu-tools-for-stm32.9-2020-q2-update.win32_1.5.0.202011040924/tools/bin/../lib/gcc/arm-none-eabi/9.3.1/../../../../arm-none-eabi/lib/thumb/v7e-m+fp/hard\libc_nano.a(lib_a-nano-msizer.o)
 .ARM.attributes
                0x0000000000000620       0x34 c:/st/stm32cubeide_1.6.0/stm32cubeide/plugins/com.st.stm32cube.ide.mcu.externaltools.gnu-tools-for-stm32.9-2020-q2-update.win32_1.5.0.202011040924/tools/bin/../lib/gcc/arm-none-eabi/9.3.1/../../../../arm-none-eabi/lib/thumb/v7e-m+fp/hard\libc_nano.a(lib_a-reent.o)
 .ARM.attributes
                0x0000000000000654       0x34 c:/st/stm32cubeide_1.6.0/stm32cubeide/plugins/com.st.stm32cube.ide.mcu.externaltools.gnu-tools-for-stm32.9-2020-q2-update.win32_1.5.0.202011040924/tools/bin/../lib/gcc/arm-none-eabi/9.3.1/../../../../arm-none-eabi/lib/thumb/v7e-m+fp/hard\libc_nano.a(lib_a-lock.o)
 .ARM.attributes
                0x0000000000000688       0x1e c:/st/stm32cubeide_1.6.0/stm32cubeide/plugins/com.st.stm32cube.ide.mcu.externaltools.gnu-tools-for-stm32.9-2020-q2-update.win32_1.5.0.202011040924/tools/bin/../lib/gcc/arm-none-eabi/9.3.1/thumb/v7e-m+fp/hard\libgcc.a(_aeabi_uldivmod.o)
 .ARM.attributes
                0x00000000000006a6       0x34 c:/st/stm32cubeide_1.6.0/stm32cubeide/plugins/com.st.stm32cube.ide.mcu.externaltools.gnu-tools-for-stm32.9-2020-q2-update.win32_1.5.0.202011040924/tools/bin/../lib/gcc/arm-none-eabi/9.3.1/thumb/v7e-m+fp/hard\libgcc.a(_udivmoddi4.o)
 .ARM.attributes
                0x00000000000006da       0x1e c:/st/stm32cubeide_1.6.0/stm32cubeide/plugins/com.st.stm32cube.ide.mcu.externaltools.gnu-tools-for-stm32.9-2020-q2-update.win32_1.5.0.202011040924/tools/bin/../lib/gcc/arm-none-eabi/9.3.1/thumb/v7e-m+fp/hard\libgcc.a(_dvmd_tls.o)
 .ARM.attributes
                0x00000000000006f8       0x1e c:/st/stm32cubeide_1.6.0/stm32cubeide/plugins/com.st.stm32cube.ide.mcu.externaltools.gnu-tools-for-stm32.9-2020-q2-update.win32_1.5.0.202011040924/tools/bin/../lib/gcc/arm-none-eabi/9.3.1/thumb/v7e-m+fp/hard/crtn.o
OUTPUT(NRF24L01.elf elf32-littlearm)
LOAD linker stubs
LOAD c:/st/stm32cubeide_1.6.0/stm32cubeide/plugins/com.st.stm32cube.ide.mcu.externaltools.gnu-tools-for-stm32.9-2020-q2-update.win32_1.5.0.202011040924/tools/bin/../lib/gcc/arm-none-eabi/9.3.1/../../../../arm-none-eabi/lib/thumb/v7e-m+fp/hard\libc.a
LOAD c:/st/stm32cubeide_1.6.0/stm32cubeide/plugins/com.st.stm32cube.ide.mcu.externaltools.gnu-tools-for-stm32.9-2020-q2-update.win32_1.5.0.202011040924/tools/bin/../lib/gcc/arm-none-eabi/9.3.1/../../../../arm-none-eabi/lib/thumb/v7e-m+fp/hard\libm.a
LOAD c:/st/stm32cubeide_1.6.0/stm32cubeide/plugins/com.st.stm32cube.ide.mcu.externaltools.gnu-tools-for-stm32.9-2020-q2-update.win32_1.5.0.202011040924/tools/bin/../lib/gcc/arm-none-eabi/9.3.1/thumb/v7e-m+fp/hard\libgcc.a

.debug_info     0x0000000000000000     0xafa7
 .debug_info    0x0000000000000000     0x1fec Core/Src/MY_NRF24.o
 .debug_info    0x0000000000001fec     0x1818 Core/Src/main.o
 .debug_info    0x0000000000003804      0xd14 Core/Src/stm32f4xx_hal_msp.o
 .debug_info    0x0000000000004518      0x222 Core/Src/stm32f4xx_it.o
 .debug_info    0x000000000000473a      0xa25 Core/Src/sysmem.o
 .debug_info    0x000000000000515f      0x5a4 Core/Src/system_stm32f4xx.o
 .debug_info    0x0000000000005703       0x22 Core/Startup/startup_stm32f407vgtx.o
 .debug_info    0x0000000000005725      0x9b2 Drivers/STM32F4xx_HAL_Driver/Src/stm32f4xx_hal.o
 .debug_info    0x00000000000060d7      0xed7 Drivers/STM32F4xx_HAL_Driver/Src/stm32f4xx_hal_cortex.o
 .debug_info    0x0000000000006fae      0x83e Drivers/STM32F4xx_HAL_Driver/Src/stm32f4xx_hal_gpio.o
 .debug_info    0x00000000000077ec      0x996 Drivers/STM32F4xx_HAL_Driver/Src/stm32f4xx_hal_rcc.o
 .debug_info    0x0000000000008182     0x17c0 Drivers/STM32F4xx_HAL_Driver/Src/stm32f4xx_hal_spi.o
 .debug_info    0x0000000000009942     0x1665 Drivers/STM32F4xx_HAL_Driver/Src/stm32f4xx_hal_uart.o

.debug_abbrev   0x0000000000000000     0x1a3a
 .debug_abbrev  0x0000000000000000      0x392 Core/Src/MY_NRF24.o
 .debug_abbrev  0x0000000000000392      0x28c Core/Src/main.o
 .debug_abbrev  0x000000000000061e      0x1ac Core/Src/stm32f4xx_hal_msp.o
 .debug_abbrev  0x00000000000007ca       0xd2 Core/Src/stm32f4xx_it.o
 .debug_abbrev  0x000000000000089c      0x1bf Core/Src/sysmem.o
 .debug_abbrev  0x0000000000000a5b      0x145 Core/Src/system_stm32f4xx.o
 .debug_abbrev  0x0000000000000ba0       0x12 Core/Startup/startup_stm32f407vgtx.o
 .debug_abbrev  0x0000000000000bb2      0x1ed Drivers/STM32F4xx_HAL_Driver/Src/stm32f4xx_hal.o
 .debug_abbrev  0x0000000000000d9f      0x33c Drivers/STM32F4xx_HAL_Driver/Src/stm32f4xx_hal_cortex.o
 .debug_abbrev  0x00000000000010db      0x1f1 Drivers/STM32F4xx_HAL_Driver/Src/stm32f4xx_hal_gpio.o
 .debug_abbrev  0x00000000000012cc      0x275 Drivers/STM32F4xx_HAL_Driver/Src/stm32f4xx_hal_rcc.o
 .debug_abbrev  0x0000000000001541      0x26e Drivers/STM32F4xx_HAL_Driver/Src/stm32f4xx_hal_spi.o
 .debug_abbrev  0x00000000000017af      0x28b Drivers/STM32F4xx_HAL_Driver/Src/stm32f4xx_hal_uart.o

.debug_aranges  0x0000000000000000      0x9e0
 .debug_aranges
                0x0000000000000000      0x1d0 Core/Src/MY_NRF24.o
 .debug_aranges
                0x00000000000001d0       0x48 Core/Src/main.o
 .debug_aranges
                0x0000000000000218       0x40 Core/Src/stm32f4xx_hal_msp.o
 .debug_aranges
                0x0000000000000258       0x60 Core/Src/stm32f4xx_it.o
 .debug_aranges
                0x00000000000002b8       0x20 Core/Src/sysmem.o
 .debug_aranges
                0x00000000000002d8       0x28 Core/Src/system_stm32f4xx.o
 .debug_aranges
                0x0000000000000300       0x28 Core/Startup/startup_stm32f407vgtx.o
 .debug_aranges
                0x0000000000000328       0xf0 Drivers/STM32F4xx_HAL_Driver/Src/stm32f4xx_hal.o
 .debug_aranges
                0x0000000000000418      0x118 Drivers/STM32F4xx_HAL_Driver/Src/stm32f4xx_hal_cortex.o
 .debug_aranges
                0x0000000000000530       0x58 Drivers/STM32F4xx_HAL_Driver/Src/stm32f4xx_hal_gpio.o
 .debug_aranges
                0x0000000000000588       0x88 Drivers/STM32F4xx_HAL_Driver/Src/stm32f4xx_hal_rcc.o
 .debug_aranges
                0x0000000000000610      0x1d0 Drivers/STM32F4xx_HAL_Driver/Src/stm32f4xx_hal_spi.o
 .debug_aranges
                0x00000000000007e0      0x200 Drivers/STM32F4xx_HAL_Driver/Src/stm32f4xx_hal_uart.o

.debug_ranges   0x0000000000000000      0x948
 .debug_ranges  0x0000000000000000      0x1c0 Core/Src/MY_NRF24.o
 .debug_ranges  0x00000000000001c0       0x38 Core/Src/main.o
 .debug_ranges  0x00000000000001f8       0x30 Core/Src/stm32f4xx_hal_msp.o
 .debug_ranges  0x0000000000000228       0x50 Core/Src/stm32f4xx_it.o
 .debug_ranges  0x0000000000000278       0x10 Core/Src/sysmem.o
 .debug_ranges  0x0000000000000288       0x18 Core/Src/system_stm32f4xx.o
 .debug_ranges  0x00000000000002a0       0x20 Core/Startup/startup_stm32f407vgtx.o
 .debug_ranges  0x00000000000002c0       0xe0 Drivers/STM32F4xx_HAL_Driver/Src/stm32f4xx_hal.o
 .debug_ranges  0x00000000000003a0      0x108 Drivers/STM32F4xx_HAL_Driver/Src/stm32f4xx_hal_cortex.o
 .debug_ranges  0x00000000000004a8       0x48 Drivers/STM32F4xx_HAL_Driver/Src/stm32f4xx_hal_gpio.o
 .debug_ranges  0x00000000000004f0       0x78 Drivers/STM32F4xx_HAL_Driver/Src/stm32f4xx_hal_rcc.o
 .debug_ranges  0x0000000000000568      0x1c0 Drivers/STM32F4xx_HAL_Driver/Src/stm32f4xx_hal_spi.o
 .debug_ranges  0x0000000000000728      0x220 Drivers/STM32F4xx_HAL_Driver/Src/stm32f4xx_hal_uart.o

.debug_macro    0x0000000000000000    0x206d8
 .debug_macro   0x0000000000000000      0x2e8 Core/Src/MY_NRF24.o
 .debug_macro   0x00000000000002e8      0xaa8 Core/Src/MY_NRF24.o
 .debug_macro   0x0000000000000d90      0x29b Core/Src/MY_NRF24.o
 .debug_macro   0x000000000000102b       0x2e Core/Src/MY_NRF24.o
 .debug_macro   0x0000000000001059       0x2f Core/Src/MY_NRF24.o
 .debug_macro   0x0000000000001088       0x22 Core/Src/MY_NRF24.o
 .debug_macro   0x00000000000010aa       0x8e Core/Src/MY_NRF24.o
 .debug_macro   0x0000000000001138       0x51 Core/Src/MY_NRF24.o
 .debug_macro   0x0000000000001189      0x103 Core/Src/MY_NRF24.o
 .debug_macro   0x000000000000128c       0x6a Core/Src/MY_NRF24.o
 .debug_macro   0x00000000000012f6      0x1df Core/Src/MY_NRF24.o
 .debug_macro   0x00000000000014d5       0x1c Core/Src/MY_NRF24.o
 .debug_macro   0x00000000000014f1       0x22 Core/Src/MY_NRF24.o
 .debug_macro   0x0000000000001513       0xdf Core/Src/MY_NRF24.o
 .debug_macro   0x00000000000015f2     0x102d Core/Src/MY_NRF24.o
 .debug_macro   0x000000000000261f      0x11f Core/Src/MY_NRF24.o
 .debug_macro   0x000000000000273e    0x15e3c Core/Src/MY_NRF24.o
 .debug_macro   0x000000000001857a       0x43 Core/Src/MY_NRF24.o
 .debug_macro   0x00000000000185bd     0x3659 Core/Src/MY_NRF24.o
 .debug_macro   0x000000000001bc16      0x174 Core/Src/MY_NRF24.o
 .debug_macro   0x000000000001bd8a       0x5c Core/Src/MY_NRF24.o
 .debug_macro   0x000000000001bde6      0x96b Core/Src/MY_NRF24.o
 .debug_macro   0x000000000001c751      0x9fe Core/Src/MY_NRF24.o
 .debug_macro   0x000000000001d14f      0x117 Core/Src/MY_NRF24.o
 .debug_macro   0x000000000001d266      0x13e Core/Src/MY_NRF24.o
 .debug_macro   0x000000000001d3a4       0x82 Core/Src/MY_NRF24.o
 .debug_macro   0x000000000001d426      0x174 Core/Src/MY_NRF24.o
 .debug_macro   0x000000000001d59a      0x287 Core/Src/MY_NRF24.o
 .debug_macro   0x000000000001d821       0x5f Core/Src/MY_NRF24.o
 .debug_macro   0x000000000001d880      0x236 Core/Src/MY_NRF24.o
 .debug_macro   0x000000000001dab6      0x12c Core/Src/MY_NRF24.o
 .debug_macro   0x000000000001dbe2      0x21e Core/Src/MY_NRF24.o
 .debug_macro   0x000000000001de00       0x2e Core/Src/MY_NRF24.o
 .debug_macro   0x000000000001de2e      0x11a Core/Src/MY_NRF24.o
 .debug_macro   0x000000000001df48       0x7e Core/Src/MY_NRF24.o
 .debug_macro   0x000000000001dfc6       0x89 Core/Src/MY_NRF24.o
 .debug_macro   0x000000000001e04f      0x225 Core/Src/MY_NRF24.o
 .debug_macro   0x000000000001e274      0x295 Core/Src/MY_NRF24.o
 .debug_macro   0x000000000001e509      0x12d Core/Src/MY_NRF24.o
 .debug_macro   0x000000000001e636      0x226 Core/Src/MY_NRF24.o
 .debug_macro   0x000000000001e85c       0x18 Core/Src/MY_NRF24.o
 .debug_macro   0x000000000001e874       0x52 Core/Src/MY_NRF24.o
 .debug_macro   0x000000000001e8c6       0x3c Core/Src/MY_NRF24.o
 .debug_macro   0x000000000001e902       0x34 Core/Src/MY_NRF24.o
 .debug_macro   0x000000000001e936       0x16 Core/Src/MY_NRF24.o
 .debug_macro   0x000000000001e94c       0x35 Core/Src/MY_NRF24.o
 .debug_macro   0x000000000001e981       0x16 Core/Src/MY_NRF24.o
 .debug_macro   0x000000000001e997       0x43 Core/Src/MY_NRF24.o
 .debug_macro   0x000000000001e9da       0x34 Core/Src/MY_NRF24.o
 .debug_macro   0x000000000001ea0e       0x10 Core/Src/MY_NRF24.o
 .debug_macro   0x000000000001ea1e       0x58 Core/Src/MY_NRF24.o
 .debug_macro   0x000000000001ea76       0x71 Core/Src/MY_NRF24.o
 .debug_macro   0x000000000001eae7       0x1c Core/Src/MY_NRF24.o
 .debug_macro   0x000000000001eb03      0x12a Core/Src/MY_NRF24.o
 .debug_macro   0x000000000001ec2d      0x333 Core/Src/MY_NRF24.o
 .debug_macro   0x000000000001ef60       0x16 Core/Src/MY_NRF24.o
 .debug_macro   0x000000000001ef76       0x29 Core/Src/MY_NRF24.o
 .debug_macro   0x000000000001ef9f       0x22 Core/Src/MY_NRF24.o
 .debug_macro   0x000000000001efc1       0x16 Core/Src/MY_NRF24.o
 .debug_macro   0x000000000001efd7       0x20 Core/Src/MY_NRF24.o
 .debug_macro   0x000000000001eff7      0x2e5 Core/Src/main.o
 .debug_macro   0x000000000001f2dc       0x1c Core/Src/main.o
 .debug_macro   0x000000000001f2f8      0x1d3 Core/Src/stm32f4xx_hal_msp.o
 .debug_macro   0x000000000001f4cb      0x1dd Core/Src/stm32f4xx_it.o
 .debug_macro   0x000000000001f6a8       0xff Core/Src/sysmem.o
 .debug_macro   0x000000000001f7a7      0x23b Core/Src/sysmem.o
 .debug_macro   0x000000000001f9e2      0x1c4 Core/Src/system_stm32f4xx.o
 .debug_macro   0x000000000001fba6      0x224 Drivers/STM32F4xx_HAL_Driver/Src/stm32f4xx_hal.o
 .debug_macro   0x000000000001fdca      0x1c4 Drivers/STM32F4xx_HAL_Driver/Src/stm32f4xx_hal_cortex.o
 .debug_macro   0x000000000001ff8e      0x1ca Drivers/STM32F4xx_HAL_Driver/Src/stm32f4xx_hal_gpio.o
 .debug_macro   0x0000000000020158      0x1e8 Drivers/STM32F4xx_HAL_Driver/Src/stm32f4xx_hal_rcc.o
 .debug_macro   0x0000000000020340      0x1d3 Drivers/STM32F4xx_HAL_Driver/Src/stm32f4xx_hal_spi.o
 .debug_macro   0x0000000000020513      0x1c5 Drivers/STM32F4xx_HAL_Driver/Src/stm32f4xx_hal_uart.o

.debug_line     0x0000000000000000     0x9c98
 .debug_line    0x0000000000000000     0x1332 Core/Src/MY_NRF24.o
 .debug_line    0x0000000000001332      0x99b Core/Src/main.o
 .debug_line    0x0000000000001ccd      0x747 Core/Src/stm32f4xx_hal_msp.o
 .debug_line    0x0000000000002414      0x76f Core/Src/stm32f4xx_it.o
 .debug_line    0x0000000000002b83      0x4f8 Core/Src/sysmem.o
 .debug_line    0x000000000000307b      0x72e Core/Src/system_stm32f4xx.o
 .debug_line    0x00000000000037a9       0x88 Core/Startup/startup_stm32f407vgtx.o
 .debug_line    0x0000000000003831      0x994 Drivers/STM32F4xx_HAL_Driver/Src/stm32f4xx_hal.o
 .debug_line    0x00000000000041c5      0xc43 Drivers/STM32F4xx_HAL_Driver/Src/stm32f4xx_hal_cortex.o
 .debug_line    0x0000000000004e08      0xb0c Drivers/STM32F4xx_HAL_Driver/Src/stm32f4xx_hal_gpio.o
 .debug_line    0x0000000000005914      0xd0e Drivers/STM32F4xx_HAL_Driver/Src/stm32f4xx_hal_rcc.o
 .debug_line    0x0000000000006622     0x1c1c Drivers/STM32F4xx_HAL_Driver/Src/stm32f4xx_hal_spi.o
 .debug_line    0x000000000000823e     0x1a5a Drivers/STM32F4xx_HAL_Driver/Src/stm32f4xx_hal_uart.o

.debug_str      0x0000000000000000    0xc3f44
 .debug_str     0x0000000000000000    0xc17e2 Core/Src/MY_NRF24.o
                                      0xc1bf0 (size before relaxing)
 .debug_str     0x00000000000c17e2      0x368 Core/Src/main.o
                                      0xc17d6 (size before relaxing)
 .debug_str     0x00000000000c1b4a       0x72 Core/Src/stm32f4xx_hal_msp.o
                                      0xbdd6a (size before relaxing)
 .debug_str     0x00000000000c1bbc       0xbd Core/Src/stm32f4xx_it.o
                                      0xbd680 (size before relaxing)
 .debug_str     0x00000000000c1c79      0x4e9 Core/Src/sysmem.o
                                       0x628b (size before relaxing)
 .debug_str     0x00000000000c2162       0xaf Core/Src/system_stm32f4xx.o
                                      0xbd70c (size before relaxing)
 .debug_str     0x00000000000c2211       0x36 Core/Startup/startup_stm32f407vgtx.o
                                         0x5c (size before relaxing)
 .debug_str     0x00000000000c2247      0xa54 Drivers/STM32F4xx_HAL_Driver/Src/stm32f4xx_hal.o
                                      0xbe1ee (size before relaxing)
 .debug_str     0x00000000000c2c9b      0x399 Drivers/STM32F4xx_HAL_Driver/Src/stm32f4xx_hal_cortex.o
                                      0xbdfdd (size before relaxing)
 .debug_str     0x00000000000c3034      0x15f Drivers/STM32F4xx_HAL_Driver/Src/stm32f4xx_hal_gpio.o
                                      0xbd8b3 (size before relaxing)
 .debug_str     0x00000000000c3193      0x24e Drivers/STM32F4xx_HAL_Driver/Src/stm32f4xx_hal_rcc.o
                                      0xbdb0e (size before relaxing)
 .debug_str     0x00000000000c33e1      0x57f Drivers/STM32F4xx_HAL_Driver/Src/stm32f4xx_hal_spi.o
                                      0xbdfb0 (size before relaxing)
 .debug_str     0x00000000000c3960      0x5e4 Drivers/STM32F4xx_HAL_Driver/Src/stm32f4xx_hal_uart.o
                                      0xbe070 (size before relaxing)

.comment        0x0000000000000000       0x53
 .comment       0x0000000000000000       0x53 Core/Src/MY_NRF24.o
                                         0x54 (size before relaxing)
 .comment       0x0000000000000053       0x54 Core/Src/main.o
 .comment       0x0000000000000053       0x54 Core/Src/stm32f4xx_hal_msp.o
 .comment       0x0000000000000053       0x54 Core/Src/stm32f4xx_it.o
 .comment       0x0000000000000053       0x54 Core/Src/sysmem.o
 .comment       0x0000000000000053       0x54 Core/Src/system_stm32f4xx.o
 .comment       0x0000000000000053       0x54 Drivers/STM32F4xx_HAL_Driver/Src/stm32f4xx_hal.o
 .comment       0x0000000000000053       0x54 Drivers/STM32F4xx_HAL_Driver/Src/stm32f4xx_hal_cortex.o
 .comment       0x0000000000000053       0x54 Drivers/STM32F4xx_HAL_Driver/Src/stm32f4xx_hal_gpio.o
 .comment       0x0000000000000053       0x54 Drivers/STM32F4xx_HAL_Driver/Src/stm32f4xx_hal_rcc.o
 .comment       0x0000000000000053       0x54 Drivers/STM32F4xx_HAL_Driver/Src/stm32f4xx_hal_spi.o
 .comment       0x0000000000000053       0x54 Drivers/STM32F4xx_HAL_Driver/Src/stm32f4xx_hal_uart.o

.debug_frame    0x0000000000000000     0x2bd8
 .debug_frame   0x0000000000000000      0x784 Core/Src/MY_NRF24.o
 .debug_frame   0x0000000000000784       0xcc Core/Src/main.o
 .debug_frame   0x0000000000000850       0xc8 Core/Src/stm32f4xx_hal_msp.o
 .debug_frame   0x0000000000000918      0x104 Core/Src/stm32f4xx_it.o
 .debug_frame   0x0000000000000a1c       0x34 Core/Src/sysmem.o
 .debug_frame   0x0000000000000a50       0x58 Core/Src/system_stm32f4xx.o
 .debug_frame   0x0000000000000aa8      0x374 Drivers/STM32F4xx_HAL_Driver/Src/stm32f4xx_hal.o
 .debug_frame   0x0000000000000e1c      0x498 Drivers/STM32F4xx_HAL_Driver/Src/stm32f4xx_hal_cortex.o
 .debug_frame   0x00000000000012b4      0x14c Drivers/STM32F4xx_HAL_Driver/Src/stm32f4xx_hal_gpio.o
 .debug_frame   0x0000000000001400      0x1ec Drivers/STM32F4xx_HAL_Driver/Src/stm32f4xx_hal_rcc.o
 .debug_frame   0x00000000000015ec      0x824 Drivers/STM32F4xx_HAL_Driver/Src/stm32f4xx_hal_spi.o
 .debug_frame   0x0000000000001e10      0x924 Drivers/STM32F4xx_HAL_Driver/Src/stm32f4xx_hal_uart.o
 .debug_frame   0x0000000000002734       0x20 c:/st/stm32cubeide_1.6.0/stm32cubeide/plugins/com.st.stm32cube.ide.mcu.externaltools.gnu-tools-for-stm32.9-2020-q2-update.win32_1.5.0.202011040924/tools/bin/../lib/gcc/arm-none-eabi/9.3.1/../../../../arm-none-eabi/lib/thumb/v7e-m+fp/hard\libc_nano.a(lib_a-errno.o)
 .debug_frame   0x0000000000002754       0x2c c:/st/stm32cubeide_1.6.0/stm32cubeide/plugins/com.st.stm32cube.ide.mcu.externaltools.gnu-tools-for-stm32.9-2020-q2-update.win32_1.5.0.202011040924/tools/bin/../lib/gcc/arm-none-eabi/9.3.1/../../../../arm-none-eabi/lib/thumb/v7e-m+fp/hard\libc_nano.a(lib_a-init.o)
 .debug_frame   0x0000000000002780       0x28 c:/st/stm32cubeide_1.6.0/stm32cubeide/plugins/com.st.stm32cube.ide.mcu.externaltools.gnu-tools-for-stm32.9-2020-q2-update.win32_1.5.0.202011040924/tools/bin/../lib/gcc/arm-none-eabi/9.3.1/../../../../arm-none-eabi/lib/thumb/v7e-m+fp/hard\libc_nano.a(lib_a-memcpy-stub.o)
 .debug_frame   0x00000000000027a8       0x20 c:/st/stm32cubeide_1.6.0/stm32cubeide/plugins/com.st.stm32cube.ide.mcu.externaltools.gnu-tools-for-stm32.9-2020-q2-update.win32_1.5.0.202011040924/tools/bin/../lib/gcc/arm-none-eabi/9.3.1/../../../../arm-none-eabi/lib/thumb/v7e-m+fp/hard\libc_nano.a(lib_a-memset.o)
 .debug_frame   0x00000000000027c8       0x6c c:/st/stm32cubeide_1.6.0/stm32cubeide/plugins/com.st.stm32cube.ide.mcu.externaltools.gnu-tools-for-stm32.9-2020-q2-update.win32_1.5.0.202011040924/tools/bin/../lib/gcc/arm-none-eabi/9.3.1/../../../../arm-none-eabi/lib/thumb/v7e-m+fp/hard\libc_nano.a(lib_a-sprintf.o)
 .debug_frame   0x0000000000002834       0x90 c:/st/stm32cubeide_1.6.0/stm32cubeide/plugins/com.st.stm32cube.ide.mcu.externaltools.gnu-tools-for-stm32.9-2020-q2-update.win32_1.5.0.202011040924/tools/bin/../lib/gcc/arm-none-eabi/9.3.1/../../../../arm-none-eabi/lib/thumb/v7e-m+fp/hard\libc_nano.a(lib_a-nano-svfprintf.o)
 .debug_frame   0x00000000000028c4       0x60 c:/st/stm32cubeide_1.6.0/stm32cubeide/plugins/com.st.stm32cube.ide.mcu.externaltools.gnu-tools-for-stm32.9-2020-q2-update.win32_1.5.0.202011040924/tools/bin/../lib/gcc/arm-none-eabi/9.3.1/../../../../arm-none-eabi/lib/thumb/v7e-m+fp/hard\libc_nano.a(lib_a-nano-vfprintf_i.o)
 .debug_frame   0x0000000000002924       0x28 c:/st/stm32cubeide_1.6.0/stm32cubeide/plugins/com.st.stm32cube.ide.mcu.externaltools.gnu-tools-for-stm32.9-2020-q2-update.win32_1.5.0.202011040924/tools/bin/../lib/gcc/arm-none-eabi/9.3.1/../../../../arm-none-eabi/lib/thumb/v7e-m+fp/hard\libc_nano.a(lib_a-memmove.o)
 .debug_frame   0x000000000000294c       0x38 c:/st/stm32cubeide_1.6.0/stm32cubeide/plugins/com.st.stm32cube.ide.mcu.externaltools.gnu-tools-for-stm32.9-2020-q2-update.win32_1.5.0.202011040924/tools/bin/../lib/gcc/arm-none-eabi/9.3.1/../../../../arm-none-eabi/lib/thumb/v7e-m+fp/hard\libc_nano.a(lib_a-nano-freer.o)
 .debug_frame   0x0000000000002984       0x30 c:/st/stm32cubeide_1.6.0/stm32cubeide/plugins/com.st.stm32cube.ide.mcu.externaltools.gnu-tools-for-stm32.9-2020-q2-update.win32_1.5.0.202011040924/tools/bin/../lib/gcc/arm-none-eabi/9.3.1/../../../../arm-none-eabi/lib/thumb/v7e-m+fp/hard\libc_nano.a(lib_a-nano-mallocr.o)
 .debug_frame   0x00000000000029b4       0x3c c:/st/stm32cubeide_1.6.0/stm32cubeide/plugins/com.st.stm32cube.ide.mcu.externaltools.gnu-tools-for-stm32.9-2020-q2-update.win32_1.5.0.202011040924/tools/bin/../lib/gcc/arm-none-eabi/9.3.1/../../../../arm-none-eabi/lib/thumb/v7e-m+fp/hard\libc_nano.a(lib_a-nano-reallocr.o)
 .debug_frame   0x00000000000029f0       0x2c c:/st/stm32cubeide_1.6.0/stm32cubeide/plugins/com.st.stm32cube.ide.mcu.externaltools.gnu-tools-for-stm32.9-2020-q2-update.win32_1.5.0.202011040924/tools/bin/../lib/gcc/arm-none-eabi/9.3.1/../../../../arm-none-eabi/lib/thumb/v7e-m+fp/hard\libc_nano.a(lib_a-sbrkr.o)
 .debug_frame   0x0000000000002a1c       0x30 c:/st/stm32cubeide_1.6.0/stm32cubeide/plugins/com.st.stm32cube.ide.mcu.externaltools.gnu-tools-for-stm32.9-2020-q2-update.win32_1.5.0.202011040924/tools/bin/../lib/gcc/arm-none-eabi/9.3.1/../../../../arm-none-eabi/lib/thumb/v7e-m+fp/hard\libc_nano.a(lib_a-mlock.o)
 .debug_frame   0x0000000000002a4c       0x20 c:/st/stm32cubeide_1.6.0/stm32cubeide/plugins/com.st.stm32cube.ide.mcu.externaltools.gnu-tools-for-stm32.9-2020-q2-update.win32_1.5.0.202011040924/tools/bin/../lib/gcc/arm-none-eabi/9.3.1/../../../../arm-none-eabi/lib/thumb/v7e-m+fp/hard\libc_nano.a(lib_a-nano-msizer.o)
 .debug_frame   0x0000000000002a6c       0x5c c:/st/stm32cubeide_1.6.0/stm32cubeide/plugins/com.st.stm32cube.ide.mcu.externaltools.gnu-tools-for-stm32.9-2020-q2-update.win32_1.5.0.202011040924/tools/bin/../lib/gcc/arm-none-eabi/9.3.1/../../../../arm-none-eabi/lib/thumb/v7e-m+fp/hard\libc_nano.a(lib_a-reent.o)
 .debug_frame   0x0000000000002ac8       0xb0 c:/st/stm32cubeide_1.6.0/stm32cubeide/plugins/com.st.stm32cube.ide.mcu.externaltools.gnu-tools-for-stm32.9-2020-q2-update.win32_1.5.0.202011040924/tools/bin/../lib/gcc/arm-none-eabi/9.3.1/../../../../arm-none-eabi/lib/thumb/v7e-m+fp/hard\libc_nano.a(lib_a-lock.o)
 .debug_frame   0x0000000000002b78       0x2c c:/st/stm32cubeide_1.6.0/stm32cubeide/plugins/com.st.stm32cube.ide.mcu.externaltools.gnu-tools-for-stm32.9-2020-q2-update.win32_1.5.0.202011040924/tools/bin/../lib/gcc/arm-none-eabi/9.3.1/thumb/v7e-m+fp/hard\libgcc.a(_aeabi_uldivmod.o)
 .debug_frame   0x0000000000002ba4       0x34 c:/st/stm32cubeide_1.6.0/stm32cubeide/plugins/com.st.stm32cube.ide.mcu.externaltools.gnu-tools-for-stm32.9-2020-q2-update.win32_1.5.0.202011040924/tools/bin/../lib/gcc/arm-none-eabi/9.3.1/thumb/v7e-m+fp/hard\libgcc.a(_udivmoddi4.o)
